<html>
<body>
<pre>
<h1>µVision Build Log</h1>
<h2>Project:</h2>
C:\Users\Valy\work\lab_boards\Module_laborator_TD_LPC\lpc_test_1\test.uvproj
Project File Date:  11/01/2012

<h2>Output:</h2>
Clean started: Project: 'test'
   deleting intermediate output files for target 'Target 1'
Build target 'Target 1'
compiling main.c...
code\main.c(136): warning:  #111-D: statement is unreachable
compiling system_LPC177x_8x.c...
assembling startup_LPC177x_8x.s...
compiling drv_sdram.c...
compiling drv_lcd.c...
compiling drv_uart.c...
compiling drv_general.c...
compiling ringbuf.c...
compiling timer_software.c...
compiling timer_software_init.c...
linking...
Program Size: Code=8736 RO-data=260 RW-data=48 ZI-data=7808  
".\output\test.axf" - 0 Error(s), 1 Warning(s).
Clean started: Project: 'test'
   deleting intermediate output files for target 'Target 1'
Build target 'Target 1'
compiling main.c...
code\main.c(136): warning:  #111-D: statement is unreachable
compiling system_LPC177x_8x.c...
assembling startup_LPC177x_8x.s...
compiling drv_sdram.c...
compiling drv_lcd.c...
compiling drv_uart.c...
compiling drv_general.c...
compiling ringbuf.c...
compiling timer_software.c...
compiling timer_software_init.c...
linking...
Program Size: Code=8736 RO-data=260 RW-data=48 ZI-data=7808  
".\output\test.axf" - 0 Error(s), 1 Warning(s).
Rebuild target 'Target 1'
compiling main.c...
code\main.c(136): warning:  #111-D: statement is unreachable
compiling system_LPC177x_8x.c...
assembling startup_LPC177x_8x.s...
compiling drv_sdram.c...
compiling drv_lcd.c...
compiling drv_uart.c...
compiling drv_general.c...
compiling ringbuf.c...
compiling timer_software.c...
compiling timer_software_init.c...
linking...
Program Size: Code=8736 RO-data=260 RW-data=48 ZI-data=7808  
".\output\test.axf" - 0 Error(s), 1 Warning(s).
Build target 'Target 1'
linking...
Program Size: Code=8736 RO-data=260 RW-data=48 ZI-data=7808  
".\output\test.axf" - 0 Error(s), 0 Warning(s).
