Component: ARM Compiler 5.06 update 6 (build 750) Tool: armlink [4d35ed]

==============================================================================

Section Cross References

    main.o(.text) refers to _printf_percent.o(.ARM.Collect$$_printf_percent$$00000000) for _printf_percent
    main.o(.text) refers to _printf_d.o(.ARM.Collect$$_printf_percent$$00000009) for _printf_d
    main.o(.text) refers to _printf_dec.o(.text) for _printf_int_dec
    main.o(.text) refers to _printf_s.o(.ARM.Collect$$_printf_percent$$00000014) for _printf_s
    main.o(.text) refers to _printf_str.o(.text) for _printf_str
    main.o(.text) refers to drv_lcd.o(.text) for DRV_LCD_PutPixel
    main.o(.text) refers to strlen.o(.text) for strlen
    main.o(.text) refers to strcpy.o(.text) for strcpy
    main.o(.text) refers to timer_software_init.o(.text) for TIMER_SOFTWARE_init_system
    main.o(.text) refers to drv_sdram.o(.text) for DRV_SDRAM_Init
    main.o(.text) refers to retarget.o(.text) for initRetargetDebugSystem
    main.o(.text) refers to drv_touchscreen.o(.text) for DRV_TOUCHSCREEN_Init
    main.o(.text) refers to drv_led.o(.text) for DRV_LED_Init
    main.o(.text) refers to noretval__2printf.o(.text) for __2printf
    main.o(.text) refers to drv_uart.o(.text) for DRV_UART_FlushRX
    main.o(.text) refers to timer_software.o(.text) for TIMER_SOFTWARE_request_timer
    main.o(.text) refers to parser.o(.text) for at_command_parse
    main.o(.text) refers to rt_memcpy_w.o(.text) for __aeabi_memcpy4
    main.o(.text) refers to main.o(.data) for color_orange
    main.o(.text) refers to main.o(.bss) for copsMessage
    main.o(.text) refers to main.o(.conststring) for .conststring
    main.o(.text) refers to parser.o(.bss) for myData
    main.o(.text) refers to main.o(.constdata) for .constdata
    main.o(.text) refers to noretval__2sprintf.o(.text) for __2sprintf
    system_lpc177x_8x.o(.text) refers to system_lpc177x_8x.o(.data) for SystemCoreClock
    startup_lpc177x_8x.o(STACK) refers (Special) to heapauxi.o(.text) for __use_two_region_memory
    startup_lpc177x_8x.o(HEAP) refers (Special) to heapauxi.o(.text) for __use_two_region_memory
    startup_lpc177x_8x.o(RESET) refers (Special) to heapauxi.o(.text) for __use_two_region_memory
    startup_lpc177x_8x.o(RESET) refers to startup_lpc177x_8x.o(STACK) for __initial_sp
    startup_lpc177x_8x.o(RESET) refers to startup_lpc177x_8x.o(.text) for Reset_Handler
    startup_lpc177x_8x.o(RESET) refers to timer_software_init.o(.text) for TIMER0_IRQHandler
    startup_lpc177x_8x.o(RESET) refers to drv_touchscreen.o(.text) for TIMER1_IRQHandler
    startup_lpc177x_8x.o(RESET) refers to drv_uart.o(.text) for UART0_IRQHandler
    startup_lpc177x_8x.o(.ARM.__at_0x02FC) refers (Special) to heapauxi.o(.text) for __use_two_region_memory
    startup_lpc177x_8x.o(.text) refers (Special) to heapauxi.o(.text) for __use_two_region_memory
    startup_lpc177x_8x.o(.text) refers to system_lpc177x_8x.o(.text) for SystemInit
    startup_lpc177x_8x.o(.text) refers to __main.o(!!!main) for __main
    startup_lpc177x_8x.o(.text) refers to startup_lpc177x_8x.o(HEAP) for Heap_Mem
    startup_lpc177x_8x.o(.text) refers to startup_lpc177x_8x.o(STACK) for Stack_Mem
    retarget.o(.text) refers (Special) to use_no_semi.o(.text) for __use_no_semihosting_swi
    retarget.o(.text) refers to drv_uart.o(.text) for DRV_UART_Configure
    retarget.o(.data) refers (Special) to use_no_semi.o(.text) for __use_no_semihosting_swi
    parser.o(.text) refers to _printf_percent.o(.ARM.Collect$$_printf_percent$$00000000) for _printf_percent
    parser.o(.text) refers to _printf_c.o(.ARM.Collect$$_printf_percent$$00000013) for _printf_c
    parser.o(.text) refers to _printf_str.o(.text) for _printf_str
    parser.o(.text) refers to noretval__2printf.o(.text) for __2printf
    parser.o(.text) refers to parser.o(.bss) for myData
    parser.o(.text) refers to parser.o(.data) for state
    drv_sdram.o(.text) refers to dflt_clz.o(x$fpl$dfltu) for __aeabi_ui2d
    drv_sdram.o(.text) refers to ddiv.o(x$fpl$ddiv) for __aeabi_ddiv
    drv_sdram.o(.text) refers to d2f.o(x$fpl$d2f) for __aeabi_d2f
    drv_sdram.o(.text) refers to fflt_clz.o(x$fpl$ffltu) for __aeabi_ui2f
    drv_sdram.o(.text) refers to fleqf.o(x$fpl$fleqf) for __aeabi_cfcmple
    drv_sdram.o(.text) refers to fdiv.o(x$fpl$fdiv) for __aeabi_fdiv
    drv_sdram.o(.text) refers to ffixu.o(x$fpl$ffixu) for __aeabi_f2uiz
    drv_sdram.o(.text) refers to system_lpc177x_8x.o(.data) for EMCClock
    drv_lcd.o(.text) refers to system_lpc177x_8x.o(.data) for PeripheralClock
    drv_lcd.o(.text) refers to drv_lcd.o(.bss) for LCD_Frame_Buffer
    drv_lcd.o(.text) refers to gl_fonts.o(.data) for GL_Font8x8
    drv_uart.o(.text) refers to ringbuf.o(.text) for RingBufFull
    drv_uart.o(.text) refers to assert.o(.text) for __aeabi_assert
    drv_uart.o(.text) refers to timer_software.o(.text) for TIMER_SOFTWARE_configure_timer
[...]
    defsig_segv_inner.o(.text) refers to defsig_general.o(.text) for __default_signal_display
    defsig_other.o(.text) refers to defsig_general.o(.text) for __default_signal_display
    _get_argv_nomalloc.o(.text) refers (Special) to hrguard.o(.text) for __heap_region$guard
    _get_argv_nomalloc.o(.text) refers to defsig_rtmem_outer.o(.text) for __rt_SIGRTMEM
    _get_argv_nomalloc.o(.text) refers to sys_command.o(.text) for _sys_command_string
    libshutdown.o(.ARM.Collect$$libshutdown$$00000000) refers (Special) to libshutdown2.o(.ARM.Collect$$libshutdown$$00000002) for __rt_lib_shutdown_cpp_1
    libshutdown.o(.ARM.Collect$$libshutdown$$00000000) refers (Special) to libshutdown2.o(.ARM.Collect$$libshutdown$$00000007) for __rt_lib_shutdown_fp_trap_1
    libshutdown.o(.ARM.Collect$$libshutdown$$00000000) refers (Special) to libshutdown2.o(.ARM.Collect$$libshutdown$$0000000F) for __rt_lib_shutdown_heap_1
    libshutdown.o(.ARM.Collect$$libshutdown$$00000000) refers (Special) to libshutdown2.o(.ARM.Collect$$libshutdown$$00000010) for __rt_lib_shutdown_return
    libshutdown.o(.ARM.Collect$$libshutdown$$00000000) refers (Special) to libshutdown2.o(.ARM.Collect$$libshutdown$$0000000A) for __rt_lib_shutdown_signal_1
    libshutdown.o(.ARM.Collect$$libshutdown$$00000000) refers (Special) to libshutdown2.o(.ARM.Collect$$libshutdown$$00000004) for __rt_lib_shutdown_stdio_1
    libshutdown.o(.ARM.Collect$$libshutdown$$00000000) refers (Special) to libshutdown2.o(.ARM.Collect$$libshutdown$$0000000C) for __rt_lib_shutdown_user_alloc_1
    sys_command.o(.text) refers (Special) to use_no_semi.o(.text) for __I$use$semihosting
    sys_command.o(.text) refers (Special) to indicate_semi.o(.text) for __semihosting_library_function
    defsig_rtmem_outer.o(.text) refers to defsig_rtmem_inner.o(.text) for __rt_SIGRTMEM_inner
    defsig_rtmem_outer.o(.text) refers to defsig_exit.o(.text) for __sig_exit
    defsig_rtmem_formal.o(.text) refers to rt_raise.o(.text) for __rt_raise


==============================================================================

Removing Unused input sections from the image.

    Removing main.o(.rev16_text), (4 bytes).
    Removing main.o(.revsh_text), (4 bytes).
    Removing system_lpc177x_8x.o(.rev16_text), (4 bytes).
    Removing system_lpc177x_8x.o(.revsh_text), (4 bytes).
    Removing drv_sdram.o(.rev16_text), (4 bytes).
    Removing drv_sdram.o(.revsh_text), (4 bytes).
    Removing drv_lcd.o(.rev16_text), (4 bytes).
    Removing drv_lcd.o(.revsh_text), (4 bytes).
    Removing drv_uart.o(.rev16_text), (4 bytes).
    Removing drv_uart.o(.revsh_text), (4 bytes).
    Removing drv_general.o(.rev16_text), (4 bytes).
    Removing drv_general.o(.revsh_text), (4 bytes).
    Removing drv_touchscreen.o(.rev16_text), (4 bytes).
    Removing drv_touchscreen.o(.revsh_text), (4 bytes).
    Removing drv_led.o(.rev16_text), (4 bytes).
    Removing drv_led.o(.revsh_text), (4 bytes).
    Removing wiznet.o(.text), (4512 bytes).
    Removing wiznet.o(.bss), (272 bytes).
    Removing wiznet.o(.data), (82 bytes).
    Removing wiznet_io.o(.text), (32 bytes).
    Removing wiznet_print.o(.text), (692 bytes).
    Removing timer_software_init.o(.rev16_text), (4 bytes).
    Removing timer_software_init.o(.revsh_text), (4 bytes).

23 unused section(s) (total 5662 bytes) removed from the image.

==============================================================================

Image Symbol Table

    Local Symbols

    Symbol Name                              Value     Ov Type        Size  Object(Section)

    RESET                                    0x00000000   Section      228  startup_lpc177x_8x.o(RESET)
    ../clib/angel/boardlib.s                 0x00000000   Number         0  boardinit1.o ABSOLUTE
    ../clib/angel/boardlib.s                 0x00000000   Number         0  boardshut.o ABSOLUTE
    ../clib/angel/boardlib.s                 0x00000000   Number         0  boardinit2.o ABSOLUTE
    ../clib/angel/boardlib.s                 0x00000000   Number         0  boardinit3.o ABSOLUTE
    ../clib/angel/dczerorl2.s                0x00000000   Number         0  __dczerorl2.o ABSOLUTE
    ../clib/angel/handlers.s                 0x00000000   Number         0  __scatter_zi.o ABSOLUTE
    ../clib/angel/kernel.s                   0x00000000   Number         0  __rtentry.o ABSOLUTE
    ../clib/angel/kernel.s                   0x00000000   Number         0  rtexit2.o ABSOLUTE
    ../clib/angel/kernel.s                   0x00000000   Number         0  rtexit.o ABSOLUTE
    ../clib/angel/kernel.s                   0x00000000   Number         0  __rtentry4.o ABSOLUTE
    ../clib/angel/kernel.s                   0x00000000   Number         0  __rtentry2.o ABSOLUTE
    ../clib/angel/rt.s                       0x00000000   Number         0  rt_raise.o ABSOLUTE
    ../clib/angel/rt.s                       0x00000000   Number         0  aeabi_ldiv0_sigfpe.o ABSOLUTE
    ../clib/angel/rt.s                       0x00000000   Number         0  aeabi_ldiv0.o ABSOLUTE
    ../clib/angel/rt.s                       0x00000000   Number         0  rt_div0.o ABSOLUTE
    ../clib/angel/scatter.s                  0x00000000   Number         0  __scatter.o ABSOLUTE
    ../clib/angel/startup.s                  0x00000000   Number         0  __main.o ABSOLUTE
    ../clib/angel/sys.s                      0x00000000   Number         0  sys_stackheap_outer.o ABSOLUTE
    ../clib/angel/sys.s                      0x00000000   Number         0  use_no_semi.o ABSOLUTE
    ../clib/angel/sys.s                      0x00000000   Number         0  indicate_semi.o ABSOLUTE
    ../clib/angel/sys.s                      0x00000000   Number         0  libspace.o ABSOLUTE
    ../clib/angel/sysapp.c                   0x00000000   Number         0  sys_command.o ABSOLUTE
    ../clib/armsys.c                         0x00000000   Number         0  no_argv.o ABSOLUTE
    ../clib/armsys.c                         0x00000000   Number         0  _get_argv_nomalloc.o ABSOLUTE
    ../clib/armsys.c                         0x00000000   Number         0  argv_veneer.o ABSOLUTE
    ../clib/armsys.c                         0x00000000   Number         0  argv_veneer.o ABSOLUTE
    ../clib/assert.c                         0x00000000   Number         0  assert_puts.o ABSOLUTE
    ../clib/assert.c                         0x00000000   Number         0  assert.o ABSOLUTE
    ../clib/heapalloc.c                      0x00000000   Number         0  hrguard.o ABSOLUTE
    ../clib/heapaux.c                        0x00000000   Number         0  heapauxi.o ABSOLUTE
    ../clib/libinit.s                        0x00000000   Number         0  libshutdown2.o ABSOLUTE
    ../clib/libinit.s                        0x00000000   Number         0  libinit.o ABSOLUTE
    ../clib/libinit.s                        0x00000000   Number         0  libshutdown.o ABSOLUTE
    ../clib/libinit.s                        0x00000000   Number         0  libinit2.o ABSOLUTE
    ../clib/longlong.s                       0x00000000   Number         0  lludivv7m.o ABSOLUTE
    ../clib/memcpset.s                       0x00000000   Number         0  rt_memcpy_w.o ABSOLUTE
    ../clib/misc.s                           0x00000000   Number         0  printf_stubs.o ABSOLUTE
    ../clib/printf.c                         0x00000000   Number         0  _printf_char_common.o ABSOLUTE
    ../clib/printf.c                         0x00000000   Number         0  __printf_flags_wp.o ABSOLUTE
    ../clib/printf.c                         0x00000000   Number         0  _printf_intcommon.o ABSOLUTE
    ../clib/printf.c                         0x00000000   Number         0  __printf_ss_wp.o ABSOLUTE
    ../clib/printf.c                         0x00000000   Number         0  __printf_flags_ss_wp.o ABSOLUTE
    ../clib/printf.c                         0x00000000   Number         0  __2printf.o ABSOLUTE
    ../clib/printf.c                         0x00000000   Number         0  __printf_wp.o ABSOLUTE
    ../clib/printf.c                         0x00000000   Number         0  _printf_pad.o ABSOLUTE
    ../clib/printf.c                         0x00000000   Number         0  __printf_nopercent.o ABSOLUTE
    ../clib/printf.c                         0x00000000   Number         0  __2sprintf.o ABSOLUTE
    ../clib/printf.c                         0x00000000   Number         0  _printf_hex_ll.o ABSOLUTE
    ../clib/printf.c                         0x00000000   Number         0  noretval__2sprintf.o ABSOLUTE
    ../clib/printf.c                         0x00000000   Number         0  _printf_char_file.o ABSOLUTE
    ../clib/printf.c                         0x00000000   Number         0  __printf.o ABSOLUTE
    ../clib/printf.c                         0x00000000   Number         0  _printf_str.o ABSOLUTE
    ../clib/printf.c                         0x00000000   Number         0  _printf_char.o ABSOLUTE
    ../clib/printf.c                         0x00000000   Number         0  _printf_dec.o ABSOLUTE
    ../clib/printf.c                         0x00000000   Number         0  _sputc.o ABSOLUTE
    ../clib/printf.c                         0x00000000   Number         0  noretval__2printf.o ABSOLUTE
    ../clib/printf.c                         0x00000000   Number         0  _printf_hex_int.o ABSOLUTE
    ../clib/printf.c                         0x00000000   Number         0  _printf_hex_int_ll.o ABSOLUTE
    ../clib/printf.c                         0x00000000   Number         0  _printf_hex_ptr.o ABSOLUTE
    ../clib/printf.c                         0x00000000   Number         0  _printf_hex_int_ptr.o ABSOLUTE
    ../clib/printf.c                         0x00000000   Number         0  _printf_hex_ll_ptr.o ABSOLUTE
    ../clib/printf.c                         0x00000000   Number         0  _printf_hex_int_ll_ptr.o ABSOLUTE
    ../clib/printf.c                         0x00000000   Number         0  __printf_flags.o ABSOLUTE
    ../clib/printf.c                         0x00000000   Number         0  __printf_ss.o ABSOLUTE
    ../clib/printf.c                         0x00000000   Number         0  __printf_flags_ss.o ABSOLUTE
    ../clib/printf_percent.s                 0x00000000   Number         0  _printf_percent_end.o ABSOLUTE
    ../clib/printf_percent.s                 0x00000000   Number         0  _printf_percent.o ABSOLUTE
    ../clib/printf_percent.s                 0x00000000   Number         0  _printf_d.o ABSOLUTE
    ../clib/printf_percent.s                 0x00000000   Number         0  _printf_x.o ABSOLUTE
    ../clib/printf_percent.s                 0x00000000   Number         0  _printf_s.o ABSOLUTE
    ../clib/printf_percent.s                 0x00000000   Number         0  _printf_c.o ABSOLUTE
    ../clib/signal.c                         0x00000000   Number         0  defsig_rtmem_outer.o ABSOLUTE
    ../clib/signal.c                         0x00000000   Number         0  defsig_other.o ABSOLUTE
    ../clib/signal.c                         0x00000000   Number         0  defsig_segv_inner.o ABSOLUTE
    ../clib/signal.c                         0x00000000   Number         0  defsig_cppl_inner.o ABSOLUTE
    ../clib/signal.c                         0x00000000   Number         0  defsig_pvfn_inner.o ABSOLUTE
    ../clib/signal.c                         0x00000000   Number         0  defsig_stak_inner.o ABSOLUTE
    ../clib/signal.c                         0x00000000   Number         0  defsig_rtmem_inner.o ABSOLUTE
    ../clib/signal.c                         0x00000000   Number         0  defsig_rtred_inner.o ABSOLUTE
    ../clib/signal.c                         0x00000000   Number         0  defsig_abrt_inner.o ABSOLUTE
    ../clib/signal.c                         0x00000000   Number         0  defsig_fpe_inner.o ABSOLUTE
    ../clib/signal.c                         0x00000000   Number         0  defsig_general.o ABSOLUTE
    ../clib/signal.c                         0x00000000   Number         0  __raise.o ABSOLUTE
    ../clib/signal.c                         0x00000000   Number         0  defsig_fpe_formal.o ABSOLUTE
    ../clib/signal.c                         0x00000000   Number         0  defsig_fpe_outer.o ABSOLUTE
    ../clib/signal.c                         0x00000000   Number         0  defsig_exit.o ABSOLUTE
    ../clib/signal.c                         0x00000000   Number         0  defsig_abrt_formal.o ABSOLUTE
    ../clib/signal.c                         0x00000000   Number         0  defsig_abrt_outer.o ABSOLUTE
    ../clib/signal.c                         0x00000000   Number         0  defsig_rtmem_formal.o ABSOLUTE
    ../clib/signal.s                         0x00000000   Number         0  defsig.o ABSOLUTE
    ../clib/stdlib.c                         0x00000000   Number         0  abort.o ABSOLUTE
    ../clib/stdlib.c                         0x00000000   Number         0  exit.o ABSOLUTE
    ../clib/string.c                         0x00000000   Number         0  strlen.o ABSOLUTE
    ../clib/string.c                         0x00000000   Number         0  strcpy.o ABSOLUTE
    ../fplib/d2f.s                           0x00000000   Number         0  d2f.o ABSOLUTE
    ../fplib/ddiv.s                          0x00000000   Number         0  ddiv.o ABSOLUTE
    ../fplib/dflt.s                          0x00000000   Number         0  dflt_clz.o ABSOLUTE
    ../fplib/dnaninf.s                       0x00000000   Number         0  dnaninf.o ABSOLUTE
    ../fplib/dretinf.s                       0x00000000   Number         0  dretinf.o ABSOLUTE
    ../fplib/fcmpi.s                         0x00000000   Number         0  fcmpi.o ABSOLUTE
    ../fplib/fdiv.s                          0x00000000   Number         0  fdiv.o ABSOLUTE
    ../fplib/ffixu.s                         0x00000000   Number         0  ffixu.o ABSOLUTE
    ../fplib/fflt.s                          0x00000000   Number         0  fflt_clz.o ABSOLUTE
    ../fplib/fleqf.s                         0x00000000   Number         0  fleqf.o ABSOLUTE
    ../fplib/fnaninf.s                       0x00000000   Number         0  fnaninf.o ABSOLUTE
    ../fplib/fpinit.s                        0x00000000   Number         0  fpinit.o ABSOLUTE
    ../fplib/fretinf.s                       0x00000000   Number         0  fretinf.o ABSOLUTE
    ../fplib/usenofp.s                       0x00000000   Number         0  usenofp.o ABSOLUTE
    code\Retarget.c                          0x00000000   Number         0  retarget.o ABSOLUTE
    code\\drv\\drv_general.c                 0x00000000   Number         0  drv_general.o ABSOLUTE
    code\\drv\\drv_lcd.c                     0x00000000   Number         0  drv_lcd.o ABSOLUTE
    code\\drv\\drv_led.c                     0x00000000   Number         0  drv_led.o ABSOLUTE
    code\\drv\\drv_sdram.c                   0x00000000   Number         0  drv_sdram.o ABSOLUTE
    code\\drv\\drv_touchscreen.c             0x00000000   Number         0  drv_touchscreen.o ABSOLUTE
    code\\drv\\drv_uart.c                    0x00000000   Number         0  drv_uart.o ABSOLUTE
    code\\main.c                             0x00000000   Number         0  main.o ABSOLUTE
    code\\system_LPC177x_8x.c                0x00000000   Number         0  system_lpc177x_8x.o ABSOLUTE
    code\\utils\\timer_software_init.c       0x00000000   Number         0  timer_software_init.o ABSOLUTE
    code\drv\drv_general.c                   0x00000000   Number         0  drv_general.o ABSOLUTE
    code\drv\drv_lcd.c                       0x00000000   Number         0  drv_lcd.o ABSOLUTE
    code\drv\drv_led.c                       0x00000000   Number         0  drv_led.o ABSOLUTE
    code\drv\drv_sdram.c                     0x00000000   Number         0  drv_sdram.o ABSOLUTE
    code\drv\drv_touchscreen.c               0x00000000   Number         0  drv_touchscreen.o ABSOLUTE
    code\drv\drv_uart.c                      0x00000000   Number         0  drv_uart.o ABSOLUTE
    code\drv\gl_fonts.c                      0x00000000   Number         0  gl_fonts.o ABSOLUTE
    code\drv\wiznet.c                        0x00000000   Number         0  wiznet.o ABSOLUTE
    code\drv\wiznet_io.c                     0x00000000   Number         0  wiznet_io.o ABSOLUTE
    code\drv\wiznet_print.c                  0x00000000   Number         0  wiznet_print.o ABSOLUTE
    code\main.c                              0x00000000   Number         0  main.o ABSOLUTE
    code\parser.c                            0x00000000   Number         0  parser.o ABSOLUTE
    code\startup_LPC177x_8x.s                0x00000000   Number         0  startup_lpc177x_8x.o ABSOLUTE
    code\system_LPC177x_8x.c                 0x00000000   Number         0  system_lpc177x_8x.o ABSOLUTE
    code\utils\ringbuf.c                     0x00000000   Number         0  ringbuf.o ABSOLUTE
    code\utils\timer_software.c              0x00000000   Number         0  timer_software.o ABSOLUTE
    code\utils\timer_software_init.c         0x00000000   Number         0  timer_software_init.o ABSOLUTE
    dc.s                                     0x00000000   Number         0  dc.o ABSOLUTE
    !!!main                                  0x000000e4   Section        8  __main.o(!!!main)
    !!!scatter                               0x000000ec   Section       52  __scatter.o(!!!scatter)
    !!dczerorl2                              0x00000120   Section       90  __dczerorl2.o(!!dczerorl2)
    !!handler_zi                             0x0000017c   Section       28  __scatter_zi.o(!!handler_zi)
    .ARM.Collect$$_printf_percent$$00000000  0x00000198   Section        0  _printf_percent.o(.ARM.Collect$$_printf_percent$$00000000)
    .ARM.Collect$$_printf_percent$$00000009  0x00000198   Section        6  _printf_d.o(.ARM.Collect$$_printf_percent$$00000009)
    .ARM.Collect$$_printf_percent$$00000013  0x0000019e   Section        6  _printf_c.o(.ARM.Collect$$_printf_percent$$00000013)
    .ARM.Collect$$_printf_percent$$00000014  0x000001a4   Section        6  _printf_s.o(.ARM.Collect$$_printf_percent$$00000014)
    .ARM.Collect$$_printf_percent$$00000017  0x000001aa   Section        4  _printf_percent_end.o(.ARM.Collect$$_printf_percent$$00000017)
    .ARM.Collect$$libinit$$00000000          0x000001ae   Section        2  libinit.o(.ARM.Collect$$libinit$$00000000)
    .ARM.Collect$$libinit$$00000002          0x000001b0   Section        0  libinit2.o(.ARM.Collect$$libinit$$00000002)
    .ARM.Collect$$libinit$$00000004          0x000001b0   Section        0  libinit2.o(.ARM.Collect$$libinit$$00000004)
    .ARM.Collect$$libinit$$0000000A          0x000001b0   Section        0  libinit2.o(.ARM.Collect$$libinit$$0000000A)
    .ARM.Collect$$libinit$$0000000C          0x000001b0   Section        0  libinit2.o(.ARM.Collect$$libinit$$0000000C)
    .ARM.Collect$$libinit$$0000000E          0x000001b0   Section        0  libinit2.o(.ARM.Collect$$libinit$$0000000E)
    .ARM.Collect$$libinit$$00000011          0x000001b0   Section        0  libinit2.o(.ARM.Collect$$libinit$$00000011)
    .ARM.Collect$$libinit$$00000013          0x000001b0   Section        0  libinit2.o(.ARM.Collect$$libinit$$00000013)
    .ARM.Collect$$libinit$$00000015          0x000001b0   Section        0  libinit2.o(.ARM.Collect$$libinit$$00000015)
    .ARM.Collect$$libinit$$00000017          0x000001b0   Section        0  libinit2.o(.ARM.Collect$$libinit$$00000017)
    .ARM.Collect$$libinit$$00000019          0x000001b0   Section        0  libinit2.o(.ARM.Collect$$libinit$$00000019)
    .ARM.Collect$$libinit$$0000001B          0x000001b0   Section        0  libinit2.o(.ARM.Collect$$libinit$$0000001B)
    .ARM.Collect$$libinit$$0000001D          0x000001b0   Section        0  libinit2.o(.ARM.Collect$$libinit$$0000001D)
    .ARM.Collect$$libinit$$0000001F          0x000001b0   Section        0  libinit2.o(.ARM.Collect$$libinit$$0000001F)
    .ARM.Collect$$libinit$$00000021          0x000001b0   Section        0  libinit2.o(.ARM.Collect$$libinit$$00000021)
    .ARM.Collect$$libinit$$00000023          0x000001b0   Section        0  libinit2.o(.ARM.Collect$$libinit$$00000023)
    .ARM.Collect$$libinit$$00000025          0x000001b0   Section        0  libinit2.o(.ARM.Collect$$libinit$$00000025)
    .ARM.Collect$$libinit$$0000002C          0x000001b0   Section        0  libinit2.o(.ARM.Collect$$libinit$$0000002C)
    .ARM.Collect$$libinit$$0000002E          0x000001b0   Section        0  libinit2.o(.ARM.Collect$$libinit$$0000002E)
    .ARM.Collect$$libinit$$00000030          0x000001b0   Section        0  libinit2.o(.ARM.Collect$$libinit$$00000030)
    .ARM.Collect$$libinit$$00000032          0x000001b0   Section        0  libinit2.o(.ARM.Collect$$libinit$$00000032)
    .ARM.Collect$$libinit$$00000033          0x000001b0   Section        2  libinit2.o(.ARM.Collect$$libinit$$00000033)
    .ARM.Collect$$libshutdown$$00000000      0x000001b2   Section        2  libshutdown.o(.ARM.Collect$$libshutdown$$00000000)
    .ARM.Collect$$libshutdown$$00000002      0x000001b4   Section        0  libshutdown2.o(.ARM.Collect$$libshutdown$$00000002)
    .ARM.Collect$$libshutdown$$00000004      0x000001b4   Section        0  libshutdown2.o(.ARM.Collect$$libshutdown$$00000004)
    .ARM.Collect$$libshutdown$$00000007      0x000001b4   Section        0  libshutdown2.o(.ARM.Collect$$libshutdown$$00000007)
    .ARM.Collect$$libshutdown$$0000000A      0x000001b4   Section        0  libshutdown2.o(.ARM.Collect$$libshutdown$$0000000A)
    .ARM.Collect$$libshutdown$$0000000C      0x000001b4   Section        0  libshutdown2.o(.ARM.Collect$$libshutdown$$0000000C)
    .ARM.Collect$$libshutdown$$0000000F      0x000001b4   Section        0  libshutdown2.o(.ARM.Collect$$libshutdown$$0000000F)
    .ARM.Collect$$libshutdown$$00000010      0x000001b4   Section        2  libshutdown2.o(.ARM.Collect$$libshutdown$$00000010)
    .ARM.Collect$$rtentry$$00000000          0x000001b6   Section        0  __rtentry.o(.ARM.Collect$$rtentry$$00000000)
    .ARM.Collect$$rtentry$$00000002          0x000001b6   Section        0  __rtentry2.o(.ARM.Collect$$rtentry$$00000002)
    .ARM.Collect$$rtentry$$00000004          0x000001b6   Section        6  __rtentry4.o(.ARM.Collect$$rtentry$$00000004)
    .ARM.Collect$$rtentry$$00000009          0x000001bc   Section        0  __rtentry2.o(.ARM.Collect$$rtentry$$00000009)
    .ARM.Collect$$rtentry$$0000000A          0x000001bc   Section        4  __rtentry2.o(.ARM.Collect$$rtentry$$0000000A)
    .ARM.Collect$$rtentry$$0000000C          0x000001c0   Section        0  __rtentry2.o(.ARM.Collect$$rtentry$$0000000C)
    .ARM.Collect$$rtentry$$0000000D          0x000001c0   Section        8  __rtentry2.o(.ARM.Collect$$rtentry$$0000000D)
    .ARM.Collect$$rtexit$$00000000           0x000001c8   Section        2  rtexit.o(.ARM.Collect$$rtexit$$00000000)
    .ARM.Collect$$rtexit$$00000002           0x000001ca   Section        0  rtexit2.o(.ARM.Collect$$rtexit$$00000002)
    .ARM.Collect$$rtexit$$00000003           0x000001ca   Section        4  rtexit2.o(.ARM.Collect$$rtexit$$00000003)
    .ARM.Collect$$rtexit$$00000004           0x000001ce   Section        6  rtexit2.o(.ARM.Collect$$rtexit$$00000004)
    .text                                    0x000001d4   Section       64  startup_lpc177x_8x.o(.text)
    .text                                    0x00000214   Section        0  retarget.o(.text)
    .text                                    0x0000026c   Section        0  timer_software_init.o(.text)
    .text                                    0x000002cc   Section        2  use_no_semi.o(.text)
    .text                                    0x000002d0   Section        0  noretval__2printf.o(.text)
    .text                                    0x000002e8   Section        0  heapauxi.o(.text)
    .text                                    0x000002ee   Section        0  _sputc.o(.text)
    x$fpl$usenofp                            0x000002f8   Section        0  usenofp.o(x$fpl$usenofp)
    .ARM.__at_0x02FC                         0x000002fc   Section        4  startup_lpc177x_8x.o(.ARM.__at_0x02FC)
    .text                                    0x00000300   Section        0  main.o(.text)
    .text                                    0x00000d8c   Section        0  system_lpc177x_8x.o(.text)
    .text                                    0x0000119c   Section        0  parser.o(.text)
    .text                                    0x00001710   Section        0  drv_sdram.o(.text)
    .text                                    0x000019a0   Section        0  drv_lcd.o(.text)
    .text                                    0x00001fa4   Section        0  drv_uart.o(.text)
    .text                                    0x00003244   Section        0  drv_general.o(.text)
    .text                                    0x00003384   Section        0  drv_touchscreen.o(.text)
    .text                                    0x000039c0   Section        0  drv_led.o(.text)
    .text                                    0x00003a9c   Section        0  ringbuf.o(.text)
    UpdateIndexAtomic                        0x00003a9d   Thumb Code    22  ringbuf.o(.text)
    .text                                    0x00003c38   Section        0  timer_software.o(.text)
    .text                                    0x000043e8   Section      238  lludivv7m.o(.text)
    .text                                    0x000044d8   Section        0  noretval__2sprintf.o(.text)
    .text                                    0x00004500   Section        0  _printf_str.o(.text)
    .text                                    0x00004554   Section        0  _printf_dec.o(.text)
    .text                                    0x000045cc   Section        0  __printf_flags_wp.o(.text)
    .text                                    0x00004704   Section        0  assert.o(.text)
    .text                                    0x00004784   Section        0  strcpy.o(.text)
    .text                                    0x000047cc   Section        0  strlen.o(.text)
    .text                                    0x0000480a   Section      100  rt_memcpy_w.o(.text)
    .text                                    0x0000486e   Section        0  _printf_intcommon.o(.text)
    .text                                    0x00004920   Section        0  _printf_char_common.o(.text)
    _printf_input_char                       0x00004921   Thumb Code    10  _printf_char_common.o(.text)
    .text                                    0x00004950   Section        0  _printf_char.o(.text)
    .text                                    0x0000497c   Section        0  _printf_char_file.o(.text)
    .text                                    0x000049a0   Section        0  abort.o(.text)
    .text                                    0x000049b6   Section        0  assert_puts.o(.text)
    .text                                    0x000049ca   Section        0  defsig_abrt_outer.o(.text)
    .text                                    0x000049d8   Section       74  sys_stackheap_outer.o(.text)
    .text                                    0x00004a22   Section        0  exit.o(.text)
    .text                                    0x00004a34   Section        0  defsig_exit.o(.text)
    .text                                    0x00004a40   Section        0  defsig_abrt_inner.o(.text)
    .text                                    0x00004a70   Section        8  libspace.o(.text)
    .text                                    0x00004a78   Section        0  defsig_general.o(.text)
    i._is_digit                              0x00004aaa   Section        0  __printf_wp.o(i._is_digit)
    x$fpl$d2f                                0x00004ab8   Section       98  d2f.o(x$fpl$d2f)
    x$fpl$ddiv                               0x00004b1c   Section      688  ddiv.o(x$fpl$ddiv)
    ddiv_entry                               0x00004b23   Thumb Code     0  ddiv.o(x$fpl$ddiv)
    x$fpl$dfltu                              0x00004dcc   Section       38  dflt_clz.o(x$fpl$dfltu)
    x$fpl$dnaninf                            0x00004df2   Section      156  dnaninf.o(x$fpl$dnaninf)
    x$fpl$dretinf                            0x00004e8e   Section       12  dretinf.o(x$fpl$dretinf)
    x$fpl$fcmpinf                            0x00004e9a   Section       24  fcmpi.o(x$fpl$fcmpinf)
    x$fpl$fdiv                               0x00004eb4   Section      388  fdiv.o(x$fpl$fdiv)
    _fdiv1                                   0x00004eb5   Thumb Code     0  fdiv.o(x$fpl$fdiv)
    x$fpl$ffixu                              0x00005038   Section       62  ffixu.o(x$fpl$ffixu)
    x$fpl$ffltu                              0x00005078   Section       38  fflt_clz.o(x$fpl$ffltu)
    x$fpl$fleqf                              0x000050a0   Section      104  fleqf.o(x$fpl$fleqf)
    x$fpl$fnaninf                            0x00005108   Section      140  fnaninf.o(x$fpl$fnaninf)
    x$fpl$fretinf                            0x00005194   Section       10  fretinf.o(x$fpl$fretinf)
    .constdata                               0x000051a0   Section      114  main.o(.constdata)
    .constdata                               0x00005212   Section    16080  gl_fonts.o(.constdata)
    .constdata                               0x000090e2   Section       17  __printf_flags_wp.o(.constdata)
    maptable                                 0x000090e2   Data          17  __printf_flags_wp.o(.constdata)
    .conststring                             0x000090f4   Section      152  main.o(.conststring)
    .data                                    0x10000000   Section      104  main.o(.data)
    state                                    0x10000000   Data           4  main.o(.data)
    .data                                    0x10000068   Section       16  system_lpc177x_8x.o(.data)
    .data                                    0x10000078   Section        8  retarget.o(.data)
    .data                                    0x10000080   Section        4  parser.o(.data)
    state                                    0x10000080   Data           4  parser.o(.data)
    .data                                    0x10000084   Section      260  drv_uart.o(.data)
    .data                                    0x10000188   Section       24  drv_touchscreen.o(.data)
    Touch                                    0x10000188   Data           1  drv_touchscreen.o(.data)
    X                                        0x1000018a   Data           2  drv_touchscreen.o(.data)
    Y                                        0x1000018c   Data           2  drv_touchscreen.o(.data)
    X_temp                                   0x1000018e   Data           2  drv_touchscreen.o(.data)
    Y_temp                                   0x10000190   Data           2  drv_touchscreen.o(.data)
    Touch_temp                               0x10000192   Data           1  drv_touchscreen.o(.data)
    State                                    0x10000193   Data           1  drv_touchscreen.o(.data)
    Samples                                  0x10000194   Data           4  drv_touchscreen.o(.data)
    .data                                    0x100001a0   Section       40  gl_fonts.o(.data)
    .data                                    0x100001c8   Section       15  drv_led.o(.data)
    .data                                    0x100001d8   Section        2  timer_software.o(.data)
    .bss                                     0x100001dc   Section      230  main.o(.bss)
    .bss                                     0x100002c4   Section    10112  parser.o(.bss)
    .bss                                     0x10002a44   Section     5280  drv_uart.o(.bss)
    uart0_rx_buffer                          0x10002a44   Data         512  drv_uart.o(.bss)
    uart1_rx_buffer                          0x10002c44   Data         512  drv_uart.o(.bss)
    uart2_rx_buffer                          0x10002e44   Data         512  drv_uart.o(.bss)
    uart3_rx_buffer                          0x10003044   Data         512  drv_uart.o(.bss)
    uart4_rx_buffer                          0x10003244   Data         512  drv_uart.o(.bss)
    uart0_tx_buffer                          0x10003444   Data         512  drv_uart.o(.bss)
    uart1_tx_buffer                          0x10003644   Data         512  drv_uart.o(.bss)
    uart2_tx_buffer                          0x10003844   Data         512  drv_uart.o(.bss)
    uart3_tx_buffer                          0x10003a44   Data         512  drv_uart.o(.bss)
    uart4_tx_buffer                          0x10003c44   Data         512  drv_uart.o(.bss)
    uart0_rx_ring_buffer                     0x10003e44   Data          16  drv_uart.o(.bss)
    uart1_rx_ring_buffer                     0x10003e54   Data          16  drv_uart.o(.bss)
    uart2_rx_ring_buffer                     0x10003e64   Data          16  drv_uart.o(.bss)
    uart3_rx_ring_buffer                     0x10003e74   Data          16  drv_uart.o(.bss)
    uart4_rx_ring_buffer                     0x10003e84   Data          16  drv_uart.o(.bss)
    uart0_tx_ring_buffer                     0x10003e94   Data          16  drv_uart.o(.bss)
    uart1_tx_ring_buffer                     0x10003ea4   Data          16  drv_uart.o(.bss)
    uart2_tx_ring_buffer                     0x10003eb4   Data          16  drv_uart.o(.bss)
    uart3_tx_ring_buffer                     0x10003ec4   Data          16  drv_uart.o(.bss)
    uart4_tx_ring_buffer                     0x10003ed4   Data          16  drv_uart.o(.bss)
    .bss                                     0x10003ee4   Section      320  timer_software.o(.bss)
    .bss                                     0x10004024   Section       96  libspace.o(.bss)
    HEAP                                     0x10004088   Section     1024  startup_lpc177x_8x.o(HEAP)
    Heap_Mem                                 0x10004088   Data        1024  startup_lpc177x_8x.o(HEAP)
    STACK                                    0x10004488   Section      512  startup_lpc177x_8x.o(STACK)
    Stack_Mem                                0x10004488   Data         512  startup_lpc177x_8x.o(STACK)
    __initial_sp                             0x10004688   Data           0  startup_lpc177x_8x.o(STACK)
    .bss                                     0xa0000000   Section    522240  drv_lcd.o(.bss)

    Global Symbols

    Symbol Name                              Value     Ov Type        Size  Object(Section)

    BuildAttributes$$THM_ISAv4$P$D$K$B$S$PE$A:L22UL41UL21$X:L11$S22US41US21$IEEE1$IW$USESV6$~STKCKD$USESV7$~SHL$OSPACE$ROPI$EBA8$UX$STANDARDLIB$REQ8$PRES8$EABIv2 0x00000000   Number         0  anon$$obj.o ABSOLUTE
    __ARM_use_no_argv                        0x00000000   Number         0  main.o ABSOLUTE
    __Vectors                                0x00000000   Data           4  startup_lpc177x_8x.o(RESET)
    _printf_flags                            0x00000000   Number         0  printf_stubs.o ABSOLUTE
    _printf_return_value                     0x00000000   Number         0  printf_stubs.o ABSOLUTE
    _printf_sizespec                         0x00000000   Number         0  printf_stubs.o ABSOLUTE
    _printf_widthprec                        0x00000000   Number         0  printf_stubs.o ABSOLUTE
    __ARM_exceptions_init                     - Undefined Weak Reference
    __alloca_initialize                       - Undefined Weak Reference
    __arm_preinit_                            - Undefined Weak Reference
    __cpp_initialize__aeabi_                  - Undefined Weak Reference
    __cxa_finalize                            - Undefined Weak Reference
    __rt_locale                               - Undefined Weak Reference
    __sigvec_lookup                           - Undefined Weak Reference
    _atexit_init                              - Undefined Weak Reference
    _call_atexit_fns                          - Undefined Weak Reference
    _clock_init                               - Undefined Weak Reference
    _fp_trap_init                             - Undefined Weak Reference
    _fp_trap_shutdown                         - Undefined Weak Reference
    _get_lc_collate                           - Undefined Weak Reference
    _get_lc_ctype                             - Undefined Weak Reference
    _get_lc_monetary                          - Undefined Weak Reference
    _get_lc_numeric                           - Undefined Weak Reference
    _get_lc_time                              - Undefined Weak Reference
    _getenv_init                              - Undefined Weak Reference
    _handle_redirection                       - Undefined Weak Reference
    _init_alloc                               - Undefined Weak Reference
    _init_user_alloc                          - Undefined Weak Reference
    _initio                                   - Undefined Weak Reference
    _printf_mbtowc                            - Undefined Weak Reference
    _printf_truncate_signed                   - Undefined Weak Reference
    _printf_truncate_unsigned                 - Undefined Weak Reference
    _rand_init                                - Undefined Weak Reference
    _signal_finish                            - Undefined Weak Reference
    _signal_init                              - Undefined Weak Reference
    _terminate_alloc                          - Undefined Weak Reference
    _terminate_user_alloc                     - Undefined Weak Reference
    _terminateio                              - Undefined Weak Reference
    __main                                   0x000000e5   Thumb Code     8  __main.o(!!!main)
    __scatterload                            0x000000ed   Thumb Code     0  __scatter.o(!!!scatter)
    __scatterload_rt2                        0x000000ed   Thumb Code    44  __scatter.o(!!!scatter)
    __scatterload_rt2_thumb_only             0x000000ed   Thumb Code     0  __scatter.o(!!!scatter)
    __scatterload_null                       0x000000fb   Thumb Code     0  __scatter.o(!!!scatter)
    __decompress                             0x00000121   Thumb Code    90  __dczerorl2.o(!!dczerorl2)
    __decompress1                            0x00000121   Thumb Code     0  __dczerorl2.o(!!dczerorl2)
    __scatterload_zeroinit                   0x0000017d   Thumb Code    28  __scatter_zi.o(!!handler_zi)
    _printf_d                                0x00000199   Thumb Code     0  _printf_d.o(.ARM.Collect$$_printf_percent$$00000009)
    _printf_percent                          0x00000199   Thumb Code     0  _printf_percent.o(.ARM.Collect$$_printf_percent$$00000000)
    _printf_c                                0x0000019f   Thumb Code     0  _printf_c.o(.ARM.Collect$$_printf_percent$$00000013)
    _printf_s                                0x000001a5   Thumb Code     0  _printf_s.o(.ARM.Collect$$_printf_percent$$00000014)
    _printf_percent_end                      0x000001ab   Thumb Code     0  _printf_percent_end.o(.ARM.Collect$$_printf_percent$$00000017)
    __rt_lib_init                            0x000001af   Thumb Code     0  libinit.o(.ARM.Collect$$libinit$$00000000)
    __rt_lib_init_alloca_1                   0x000001b1   Thumb Code     0  libinit2.o(.ARM.Collect$$libinit$$0000002E)
    __rt_lib_init_argv_1                     0x000001b1   Thumb Code     0  libinit2.o(.ARM.Collect$$libinit$$0000002C)
    __rt_lib_init_atexit_1                   0x000001b1   Thumb Code     0  libinit2.o(.ARM.Collect$$libinit$$0000001B)
    __rt_lib_init_clock_1                    0x000001b1   Thumb Code     0  libinit2.o(.ARM.Collect$$libinit$$00000021)
    __rt_lib_init_cpp_1                      0x000001b1   Thumb Code     0  libinit2.o(.ARM.Collect$$libinit$$00000032)
    __rt_lib_init_exceptions_1               0x000001b1   Thumb Code     0  libinit2.o(.ARM.Collect$$libinit$$00000030)
    __rt_lib_init_fp_1                       0x000001b1   Thumb Code     0  libinit2.o(.ARM.Collect$$libinit$$00000002)
    __rt_lib_init_fp_trap_1                  0x000001b1   Thumb Code     0  libinit2.o(.ARM.Collect$$libinit$$0000001F)
    __rt_lib_init_getenv_1                   0x000001b1   Thumb Code     0  libinit2.o(.ARM.Collect$$libinit$$00000023)
    __rt_lib_init_heap_1                     0x000001b1   Thumb Code     0  libinit2.o(.ARM.Collect$$libinit$$0000000A)
    __rt_lib_init_lc_collate_1               0x000001b1   Thumb Code     0  libinit2.o(.ARM.Collect$$libinit$$00000011)
    __rt_lib_init_lc_ctype_1                 0x000001b1   Thumb Code     0  libinit2.o(.ARM.Collect$$libinit$$00000013)
    __rt_lib_init_lc_monetary_1              0x000001b1   Thumb Code     0  libinit2.o(.ARM.Collect$$libinit$$00000015)
    __rt_lib_init_lc_numeric_1               0x000001b1   Thumb Code     0  libinit2.o(.ARM.Collect$$libinit$$00000017)
    __rt_lib_init_lc_time_1                  0x000001b1   Thumb Code     0  libinit2.o(.ARM.Collect$$libinit$$00000019)
    __rt_lib_init_preinit_1                  0x000001b1   Thumb Code     0  libinit2.o(.ARM.Collect$$libinit$$00000004)
    __rt_lib_init_rand_1                     0x000001b1   Thumb Code     0  libinit2.o(.ARM.Collect$$libinit$$0000000E)
    __rt_lib_init_return                     0x000001b1   Thumb Code     0  libinit2.o(.ARM.Collect$$libinit$$00000033)
    __rt_lib_init_signal_1                   0x000001b1   Thumb Code     0  libinit2.o(.ARM.Collect$$libinit$$0000001D)
    __rt_lib_init_stdio_1                    0x000001b1   Thumb Code     0  libinit2.o(.ARM.Collect$$libinit$$00000025)
    __rt_lib_init_user_alloc_1               0x000001b1   Thumb Code     0  libinit2.o(.ARM.Collect$$libinit$$0000000C)
    __rt_lib_shutdown                        0x000001b3   Thumb Code     0  libshutdown.o(.ARM.Collect$$libshutdown$$00000000)
    __rt_lib_shutdown_cpp_1                  0x000001b5   Thumb Code     0  libshutdown2.o(.ARM.Collect$$libshutdown$$00000002)
    __rt_lib_shutdown_fp_trap_1              0x000001b5   Thumb Code     0  libshutdown2.o(.ARM.Collect$$libshutdown$$00000007)
    __rt_lib_shutdown_heap_1                 0x000001b5   Thumb Code     0  libshutdown2.o(.ARM.Collect$$libshutdown$$0000000F)
    __rt_lib_shutdown_return                 0x000001b5   Thumb Code     0  libshutdown2.o(.ARM.Collect$$libshutdown$$00000010)
    __rt_lib_shutdown_signal_1               0x000001b5   Thumb Code     0  libshutdown2.o(.ARM.Collect$$libshutdown$$0000000A)
    __rt_lib_shutdown_stdio_1                0x000001b5   Thumb Code     0  libshutdown2.o(.ARM.Collect$$libshutdown$$00000004)
    __rt_lib_shutdown_user_alloc_1           0x000001b5   Thumb Code     0  libshutdown2.o(.ARM.Collect$$libshutdown$$0000000C)
    __rt_entry                               0x000001b7   Thumb Code     0  __rtentry.o(.ARM.Collect$$rtentry$$00000000)
    __rt_entry_presh_1                       0x000001b7   Thumb Code     0  __rtentry2.o(.ARM.Collect$$rtentry$$00000002)
    __rt_entry_sh                            0x000001b7   Thumb Code     0  __rtentry4.o(.ARM.Collect$$rtentry$$00000004)
    __rt_entry_li                            0x000001bd   Thumb Code     0  __rtentry2.o(.ARM.Collect$$rtentry$$0000000A)
    __rt_entry_postsh_1                      0x000001bd   Thumb Code     0  __rtentry2.o(.ARM.Collect$$rtentry$$00000009)
    __rt_entry_main                          0x000001c1   Thumb Code     0  __rtentry2.o(.ARM.Collect$$rtentry$$0000000D)
    __rt_entry_postli_1                      0x000001c1   Thumb Code     0  __rtentry2.o(.ARM.Collect$$rtentry$$0000000C)
    __rt_exit                                0x000001c9   Thumb Code     0  rtexit.o(.ARM.Collect$$rtexit$$00000000)
    __rt_exit_ls                             0x000001cb   Thumb Code     0  rtexit2.o(.ARM.Collect$$rtexit$$00000003)
    __rt_exit_prels_1                        0x000001cb   Thumb Code     0  rtexit2.o(.ARM.Collect$$rtexit$$00000002)
    __rt_exit_exit                           0x000001cf   Thumb Code     0  rtexit2.o(.ARM.Collect$$rtexit$$00000004)
    Reset_Handler                            0x000001d5   Thumb Code     8  startup_lpc177x_8x.o(.text)
    NMI_Handler                              0x000001dd   Thumb Code     2  startup_lpc177x_8x.o(.text)
    HardFault_Handler                        0x000001df   Thumb Code     2  startup_lpc177x_8x.o(.text)
    MemManage_Handler                        0x000001e1   Thumb Code     2  startup_lpc177x_8x.o(.text)
    BusFault_Handler                         0x000001e3   Thumb Code     2  startup_lpc177x_8x.o(.text)
    UsageFault_Handler                       0x000001e5   Thumb Code     2  startup_lpc177x_8x.o(.text)
    SVC_Handler                              0x000001e7   Thumb Code     2  startup_lpc177x_8x.o(.text)
    DebugMon_Handler                         0x000001e9   Thumb Code     2  startup_lpc177x_8x.o(.text)
    PendSV_Handler                           0x000001eb   Thumb Code     2  startup_lpc177x_8x.o(.text)
    SysTick_Handler                          0x000001ed   Thumb Code     2  startup_lpc177x_8x.o(.text)
    BOD_IRQHandler                           0x000001ef   Thumb Code     0  startup_lpc177x_8x.o(.text)
    CANActivity_IRQHandler                   0x000001ef   Thumb Code     0  startup_lpc177x_8x.o(.text)
    CAN_IRQHandler                           0x000001ef   Thumb Code     0  startup_lpc177x_8x.o(.text)
    DMA_IRQHandler                           0x000001ef   Thumb Code     0  startup_lpc177x_8x.o(.text)
    EEPROM_IRQHandler                        0x000001ef   Thumb Code     0  startup_lpc177x_8x.o(.text)
    EINT0_IRQHandler                         0x000001ef   Thumb Code     0  startup_lpc177x_8x.o(.text)
    EINT1_IRQHandler                         0x000001ef   Thumb Code     0  startup_lpc177x_8x.o(.text)
    EINT2_IRQHandler                         0x000001ef   Thumb Code     0  startup_lpc177x_8x.o(.text)
    EINT3_IRQHandler                         0x000001ef   Thumb Code     0  startup_lpc177x_8x.o(.text)
    ENET_IRQHandler                          0x000001ef   Thumb Code     0  startup_lpc177x_8x.o(.text)
    I2C0_IRQHandler                          0x000001ef   Thumb Code     0  startup_lpc177x_8x.o(.text)
    I2C1_IRQHandler                          0x000001ef   Thumb Code     0  startup_lpc177x_8x.o(.text)
    I2C2_IRQHandler                          0x000001ef   Thumb Code     0  startup_lpc177x_8x.o(.text)
    I2S_IRQHandler                           0x000001ef   Thumb Code     0  startup_lpc177x_8x.o(.text)
    LCD_IRQHandler                           0x000001ef   Thumb Code     0  startup_lpc177x_8x.o(.text)
    MCI_IRQHandler                           0x000001ef   Thumb Code     0  startup_lpc177x_8x.o(.text)
    MCPWM_IRQHandler                         0x000001ef   Thumb Code     0  startup_lpc177x_8x.o(.text)
    PLL0_IRQHandler                          0x000001ef   Thumb Code     0  startup_lpc177x_8x.o(.text)
    PLL1_IRQHandler                          0x000001ef   Thumb Code     0  startup_lpc177x_8x.o(.text)
    PWM0_IRQHandler                          0x000001ef   Thumb Code     0  startup_lpc177x_8x.o(.text)
    PWM1_IRQHandler                          0x000001ef   Thumb Code     0  startup_lpc177x_8x.o(.text)
    QEI_IRQHandler                           0x000001ef   Thumb Code     0  startup_lpc177x_8x.o(.text)
    RTC_IRQHandler                           0x000001ef   Thumb Code     0  startup_lpc177x_8x.o(.text)
    SPIFI_IRQHandler                         0x000001ef   Thumb Code     0  startup_lpc177x_8x.o(.text)
    SSP0_IRQHandler                          0x000001ef   Thumb Code     0  startup_lpc177x_8x.o(.text)
    SSP1_IRQHandler                          0x000001ef   Thumb Code     0  startup_lpc177x_8x.o(.text)
    SSP2_IRQHandler                          0x000001ef   Thumb Code     0  startup_lpc177x_8x.o(.text)
    TIMER2_IRQHandler                        0x000001ef   Thumb Code     0  startup_lpc177x_8x.o(.text)
    TIMER3_IRQHandler                        0x000001ef   Thumb Code     0  startup_lpc177x_8x.o(.text)
    USBActivity_IRQHandler                   0x000001ef   Thumb Code     0  startup_lpc177x_8x.o(.text)
    USB_IRQHandler                           0x000001ef   Thumb Code     0  startup_lpc177x_8x.o(.text)
    WDT_IRQHandler                           0x000001ef   Thumb Code     0  startup_lpc177x_8x.o(.text)
    __user_initial_stackheap                 0x000001f1   Thumb Code     0  startup_lpc177x_8x.o(.text)
    initRetargetDebugSystem                  0x00000215   Thumb Code    28  retarget.o(.text)
    fputc                                    0x00000231   Thumb Code    16  retarget.o(.text)
    fgetc                                    0x00000241   Thumb Code    18  retarget.o(.text)
    ferror                                   0x00000253   Thumb Code     8  retarget.o(.text)
    _ttywrch                                 0x0000025b   Thumb Code    14  retarget.o(.text)
    _sys_exit                                0x00000269   Thumb Code     4  retarget.o(.text)
    TIMER0_IRQHandler                        0x0000026d   Thumb Code    16  timer_software_init.o(.text)
    TIMER_SOFTWARE_init_system               0x0000027d   Thumb Code    70  timer_software_init.o(.text)
    __I$use$semihosting                      0x000002cd   Thumb Code     0  use_no_semi.o(.text)
    __use_no_semihosting_swi                 0x000002cd   Thumb Code     2  use_no_semi.o(.text)
    __2printf                                0x000002d1   Thumb Code    20  noretval__2printf.o(.text)
    __use_two_region_memory                  0x000002e9   Thumb Code     2  heapauxi.o(.text)
    __rt_heap_escrow$2region                 0x000002eb   Thumb Code     2  heapauxi.o(.text)
    __rt_heap_expand$2region                 0x000002ed   Thumb Code     2  heapauxi.o(.text)
    _sputc                                   0x000002ef   Thumb Code    10  _sputc.o(.text)
    __I$use$fp                               0x000002f8   Number         0  usenofp.o(x$fpl$usenofp)
    timer_callback_1                         0x00000301   Thumb Code     2  main.o(.text)
    drawRectangle                            0x00000303   Thumb Code    66  main.o(.text)
    drawLCD                                  0x00000345   Thumb Code   170  main.o(.text)
    TouchScreenCallBack                      0x000003ef   Thumb Code    20  main.o(.text)
    switchCOPS                               0x00000403   Thumb Code   132  main.o(.text)
    switchCREG                               0x00000487   Thumb Code    92  main.o(.text)
    BoardInit                                0x000004e3   Thumb Code    50  main.o(.text)
    SendCommand                              0x00000515   Thumb Code    36  main.o(.text)
    GetCommandResponse                       0x00000539   Thumb Code   124  main.o(.text)
    convert                                  0x000005b5   Thumb Code    44  main.o(.text)
    ExtractData                              0x000005e1   Thumb Code    84  main.o(.text)
    ExtractString                            0x00000635   Thumb Code    56  main.o(.text)
    ExecuteCommand                           0x0000066d   Thumb Code    20  main.o(.text)
    ConvertAsuToDbmw                         0x00000681   Thumb Code     8  main.o(.text)
    main                                     0x00000689   Thumb Code  1742  main.o(.text)
    SystemCoreClockUpdate                    0x00000d8d   Thumb Code   796  system_lpc177x_8x.o(.text)
    SystemInit                               0x000010a9   Thumb Code   244  system_lpc177x_8x.o(.text)
    initATData                               0x0000119d   Thumb Code    60  parser.o(.text)
    addCharacterToATTextMatrix               0x000011d9   Thumb Code    40  parser.o(.text)
    printATData                              0x00001201   Thumb Code    94  parser.o(.text)
    at_command_parse                         0x0000125f   Thumb Code  1192  parser.o(.text)
    DRV_SDRAM_PERIOD                         0x00001711   Thumb Code    36  drv_sdram.o(.text)
    DRV_SDRAM_P2C                            0x00001735   Thumb Code    60  drv_sdram.o(.text)
    DRV_SDRAM_InitPins                       0x00001771   Thumb Code   510  drv_sdram.o(.text)
    DRV_SDRAM_Init                           0x0000196f   Thumb Code     8  drv_sdram.o(.text)
    DRV_LCD_Init                             0x000019a1   Thumb Code   434  drv_lcd.o(.text)
    DRV_LCD_PowerOn                          0x00001b53   Thumb Code    46  drv_lcd.o(.text)
    DRV_LCD_PowerOff                         0x00001b81   Thumb Code    46  drv_lcd.o(.text)
    DRV_LCD_TestFillColor                    0x00001baf   Thumb Code    32  drv_lcd.o(.text)
    DRV_LCD_PutPixel                         0x00001bcf   Thumb Code    50  drv_lcd.o(.text)
    DRV_LCD_ClrScr                           0x00001c01   Thumb Code    44  drv_lcd.o(.text)
    DRV_LCD_DrawChar_Big                     0x00001c2d   Thumb Code   286  drv_lcd.o(.text)
    DRV_LCD_DrawChar_Small                   0x00001d4b   Thumb Code   338  drv_lcd.o(.text)
    DRV_LCD_DisplayCharSmall                 0x00001e9d   Thumb Code    42  drv_lcd.o(.text)
    DRV_LCD_DisplayChar                      0x00001ec7   Thumb Code    46  drv_lcd.o(.text)
    DRV_LCD_Puts_Small                       0x00001ef5   Thumb Code    58  drv_lcd.o(.text)
    DRV_LCD_Puts_Big                         0x00001f2f   Thumb Code    58  drv_lcd.o(.text)
    DRV_LCD_Puts                             0x00001f69   Thumb Code    52  drv_lcd.o(.text)
    DRV_UART_GeneralIRQHandler               0x00001fa5   Thumb Code   698  drv_uart.o(.text)
    UART0_IRQHandler                         0x0000225f   Thumb Code    10  drv_uart.o(.text)
    UART1_IRQHandler                         0x00002269   Thumb Code    10  drv_uart.o(.text)
    UART2_IRQHandler                         0x00002273   Thumb Code    10  drv_uart.o(.text)
    UART3_IRQHandler                         0x0000227d   Thumb Code    10  drv_uart.o(.text)
    UART4_IRQHandler                         0x00002287   Thumb Code    10  drv_uart.o(.text)
    DRV_UART_SetTimeout                      0x00002291   Thumb Code   148  drv_uart.o(.text)
    DRV_UART_GetTimeout                      0x00002325   Thumb Code    40  drv_uart.o(.text)
    DRV_UART_Configure                       0x0000234d   Thumb Code  1194  drv_uart.o(.text)
    DRV_UART_SendCharBlocking                0x000027f7   Thumb Code   314  drv_uart.o(.text)
    DRV_UART_SendBufferBlocking              0x00002931   Thumb Code    78  drv_uart.o(.text)
    DRV_UART_GetCharBlocking                 0x0000297f   Thumb Code   218  drv_uart.o(.text)
    DRV_UART_PrivateSendByte                 0x00002a59   Thumb Code   290  drv_uart.o(.text)
    DRV_UART_BytesAvailable                  0x00002b7b   Thumb Code   110  drv_uart.o(.text)
    DRV_UART_ReadByte                        0x00002be9   Thumb Code   300  drv_uart.o(.text)
    DRV_UART_SendByte                        0x00002d15   Thumb Code   222  drv_uart.o(.text)
    DRV_UART_GetErrno                        0x00002df3   Thumb Code    44  drv_uart.o(.text)
    DRV_UART_Read                            0x00002e1f   Thumb Code   422  drv_uart.o(.text)
    DRV_UART_Write                           0x00002fc5   Thumb Code   356  drv_uart.o(.text)
    DRV_UART_Process                         0x00003129   Thumb Code   134  drv_uart.o(.text)
    DRV_UART_SetRxCallback                   0x000031af   Thumb Code    30  drv_uart.o(.text)
    DRV_UART_SetTxCallback                   0x000031cd   Thumb Code    30  drv_uart.o(.text)
    DRV_UART_SetRxTriggerFunction            0x000031eb   Thumb Code    30  drv_uart.o(.text)
    DRV_UART_FlushRX                         0x00003209   Thumb Code    28  drv_uart.o(.text)
    DRV_UART_FlushTX                         0x00003225   Thumb Code    28  drv_uart.o(.text)
    DRV_GENERAL_GetFirstDigit                0x00003245   Thumb Code    40  drv_general.o(.text)
    DRV_GENERAL_CalculateBaudrateDLD         0x0000326d   Thumb Code   214  drv_general.o(.text)
    DRV_GENERAL_CalculateBaudrateDivMul      0x00003343   Thumb Code    66  drv_general.o(.text)
    DRV_TOUCHSCREEN_Init                     0x00003385   Thumb Code   400  drv_touchscreen.o(.text)
    TIMER1_IRQHandler                        0x00003515   Thumb Code   248  drv_touchscreen.o(.text)
    GPIO_IRQHandler                          0x0000360d   Thumb Code   116  drv_touchscreen.o(.text)
    ADC_IRQHandler                           0x00003681   Thumb Code   626  drv_touchscreen.o(.text)
    TouchGet                                 0x000038f3   Thumb Code   110  drv_touchscreen.o(.text)
    DRV_TOUCHSCREEN_SetTouchCallback         0x00003961   Thumb Code    10  drv_touchscreen.o(.text)
    DRV_TOUCHSCREEN_Process                  0x0000396b   Thumb Code    28  drv_touchscreen.o(.text)
    DRV_LED_Off                              0x000039c1   Thumb Code    40  drv_led.o(.text)
    DRV_LED_Init                             0x000039e9   Thumb Code    82  drv_led.o(.text)
    DRV_LED_On                               0x00003a3b   Thumb Code    40  drv_led.o(.text)
    DRV_LED_Toggle                           0x00003a63   Thumb Code    42  drv_led.o(.text)
    RingBufFull                              0x00003ab3   Thumb Code    32  ringbuf.o(.text)
    RingBufEmpty                             0x00003ad3   Thumb Code    18  ringbuf.o(.text)
    RingBufFlush                             0x00003ae5   Thumb Code     6  ringbuf.o(.text)
    RingBufUsed                              0x00003aeb   Thumb Code    24  ringbuf.o(.text)
    RingBufFree                              0x00003b03   Thumb Code    18  ringbuf.o(.text)
    RingBufContigUsed                        0x00003b15   Thumb Code    20  ringbuf.o(.text)
    RingBufContigFree                        0x00003b29   Thumb Code    34  ringbuf.o(.text)
    RingBufSize                              0x00003b4b   Thumb Code     6  ringbuf.o(.text)
    RingBufReadOne                           0x00003b51   Thumb Code    26  ringbuf.o(.text)
    RingBufRead                              0x00003b6b   Thumb Code    32  ringbuf.o(.text)
    RingBufAdvanceRead                       0x00003b8b   Thumb Code    40  ringbuf.o(.text)
    RingBufAdvanceWrite                      0x00003bb3   Thumb Code    64  ringbuf.o(.text)
    RingBufWriteOne                          0x00003bf3   Thumb Code    24  ringbuf.o(.text)
    RingBufWrite                             0x00003c0b   Thumb Code    32  ringbuf.o(.text)
    RingBufInit                              0x00003c2b   Thumb Code    12  ringbuf.o(.text)
    TIMER_SOFTWARE_ModX                      0x00003c39   Thumb Code   568  timer_software.o(.text)
    TIMER_SOFTWARE_request_timer             0x00003e71   Thumb Code   142  timer_software.o(.text)
    TIMER_SOFTWARE_init                      0x00003eff   Thumb Code   102  timer_software.o(.text)
    TIMER_SOFTWARE_release_timer             0x00003f65   Thumb Code    82  timer_software.o(.text)
    TIMER_SOFTWARE_configure_timer           0x00003fb7   Thumb Code   442  timer_software.o(.text)
    TIMER_SOFTWARE_enable_timer              0x00004171   Thumb Code    86  timer_software.o(.text)
    TIMER_SOFTWARE_disable_timer             0x000041c7   Thumb Code    62  timer_software.o(.text)
    TIMER_SOFTWARE_start_timer               0x00004205   Thumb Code    96  timer_software.o(.text)
    TIMER_SOFTWARE_stop_timer                0x00004265   Thumb Code    66  timer_software.o(.text)
    TIMER_SOFTWARE_set_callback              0x000042a7   Thumb Code    50  timer_software.o(.text)
    TIMER_SOFTWARE_Wait                      0x000042d9   Thumb Code   198  timer_software.o(.text)
    TIMER_SOFTWARE_reset_timer               0x0000439f   Thumb Code    16  timer_software.o(.text)
    TIMER_SOFTWARE_interrupt_pending         0x000043af   Thumb Code    20  timer_software.o(.text)
    TIMER_SOFTWARE_clear_interrupt           0x000043c3   Thumb Code    30  timer_software.o(.text)
    __aeabi_uldivmod                         0x000043e9   Thumb Code     0  lludivv7m.o(.text)
    _ll_udiv                                 0x000043e9   Thumb Code   238  lludivv7m.o(.text)
    __2sprintf                               0x000044d9   Thumb Code    34  noretval__2sprintf.o(.text)
    _printf_str                              0x00004501   Thumb Code    82  _printf_str.o(.text)
    _printf_int_dec                          0x00004555   Thumb Code   104  _printf_dec.o(.text)
    __printf                                 0x000045cd   Thumb Code   308  __printf_flags_wp.o(.text)
    __aeabi_assert                           0x00004705   Thumb Code    86  assert.o(.text)
    __assert                                 0x00004705   Thumb Code     0  assert.o(.text)
    strcpy                                   0x00004785   Thumb Code    72  strcpy.o(.text)
    strlen                                   0x000047cd   Thumb Code    62  strlen.o(.text)
    __aeabi_memcpy4                          0x0000480b   Thumb Code     0  rt_memcpy_w.o(.text)
    __aeabi_memcpy8                          0x0000480b   Thumb Code     0  rt_memcpy_w.o(.text)
    __rt_memcpy_w                            0x0000480b   Thumb Code   100  rt_memcpy_w.o(.text)
    _memcpy_lastbytes_aligned                0x00004853   Thumb Code     0  rt_memcpy_w.o(.text)
    _printf_int_common                       0x0000486f   Thumb Code   178  _printf_intcommon.o(.text)
    _printf_char_common                      0x0000492b   Thumb Code    32  _printf_char_common.o(.text)
    _printf_cs_common                        0x00004951   Thumb Code    20  _printf_char.o(.text)
    _printf_char                             0x00004965   Thumb Code    16  _printf_char.o(.text)
    _printf_string                           0x00004975   Thumb Code     8  _printf_char.o(.text)
    _printf_char_file                        0x0000497d   Thumb Code    32  _printf_char_file.o(.text)
    abort                                    0x000049a1   Thumb Code    22  abort.o(.text)
    __assert_puts                            0x000049b7   Thumb Code    20  assert_puts.o(.text)
    __rt_SIGABRT                             0x000049cb   Thumb Code    14  defsig_abrt_outer.o(.text)
    __user_setup_stackheap                   0x000049d9   Thumb Code    74  sys_stackheap_outer.o(.text)
    exit                                     0x00004a23   Thumb Code    18  exit.o(.text)
    __sig_exit                               0x00004a35   Thumb Code    10  defsig_exit.o(.text)
    __rt_SIGABRT_inner                       0x00004a41   Thumb Code    14  defsig_abrt_inner.o(.text)
    __user_libspace                          0x00004a71   Thumb Code     8  libspace.o(.text)
    __user_perproc_libspace                  0x00004a71   Thumb Code     0  libspace.o(.text)
    __user_perthread_libspace                0x00004a71   Thumb Code     0  libspace.o(.text)
    __default_signal_display                 0x00004a79   Thumb Code    50  defsig_general.o(.text)
    _is_digit                                0x00004aab   Thumb Code    14  __printf_wp.o(i._is_digit)
    __aeabi_d2f                              0x00004ab9   Thumb Code     0  d2f.o(x$fpl$d2f)
    _d2f                                     0x00004ab9   Thumb Code    98  d2f.o(x$fpl$d2f)
    __aeabi_ddiv                             0x00004b1d   Thumb Code     0  ddiv.o(x$fpl$ddiv)
    _ddiv                                    0x00004b1d   Thumb Code   552  ddiv.o(x$fpl$ddiv)
    __aeabi_ui2d                             0x00004dcd   Thumb Code     0  dflt_clz.o(x$fpl$dfltu)
    _dfltu                                   0x00004dcd   Thumb Code    38  dflt_clz.o(x$fpl$dfltu)
    __fpl_dnaninf                            0x00004df3   Thumb Code   156  dnaninf.o(x$fpl$dnaninf)
    __fpl_dretinf                            0x00004e8f   Thumb Code    12  dretinf.o(x$fpl$dretinf)
    __fpl_fcmp_Inf                           0x00004e9b   Thumb Code    24  fcmpi.o(x$fpl$fcmpinf)
    __aeabi_fdiv                             0x00004eb5   Thumb Code     0  fdiv.o(x$fpl$fdiv)
    _fdiv                                    0x00004eb5   Thumb Code   384  fdiv.o(x$fpl$fdiv)
    __aeabi_f2uiz                            0x00005039   Thumb Code     0  ffixu.o(x$fpl$ffixu)
    _ffixu                                   0x00005039   Thumb Code    62  ffixu.o(x$fpl$ffixu)
    __aeabi_ui2f                             0x00005079   Thumb Code     0  fflt_clz.o(x$fpl$ffltu)
    _ffltu                                   0x00005079   Thumb Code    38  fflt_clz.o(x$fpl$ffltu)
    __aeabi_cfcmple                          0x000050a1   Thumb Code     0  fleqf.o(x$fpl$fleqf)
    _fcmple                                  0x000050a1   Thumb Code   104  fleqf.o(x$fpl$fleqf)
    __fpl_fcmple_InfNaN                      0x000050f3   Thumb Code     0  fleqf.o(x$fpl$fleqf)
    __fpl_fnaninf                            0x00005109   Thumb Code   140  fnaninf.o(x$fpl$fnaninf)
    __fpl_fretinf                            0x00005195   Thumb Code    10  fretinf.o(x$fpl$fretinf)
    at_command_simple                        0x000051a0   Data           5  main.o(.constdata)
    at_command_csq                           0x000051a5   Data           9  main.o(.constdata)
    at_command_creg                          0x000051ae   Data          11  main.o(.constdata)
    at_command_cops                          0x000051b9   Data          11  main.o(.constdata)
    at_command_gsn                           0x000051c4   Data           9  main.o(.constdata)
    at_command_gmi                           0x000051cd   Data           9  main.o(.constdata)
    at_command_gmr                           0x000051d6   Data           9  main.o(.constdata)
    GL_ASCII16x24_Table                      0x00005212   Data        4560  gl_fonts.o(.constdata)
    GL_ASCII12x12_Table                      0x000063e2   Data        2304  gl_fonts.o(.constdata)
    GL_ASCII8x12_Table                       0x00006ce2   Data        2304  gl_fonts.o(.constdata)
    GL_ASCII8x8_Table                        0x000075e2   Data        1536  gl_fonts.o(.constdata)
    GL_ASCII8x12_bold_Table                  0x00007be2   Data        5376  gl_fonts.o(.constdata)
    Region$$Table$$Base                      0x0000918c   Number         0  anon$$obj.o(Region$$Table)
    Region$$Table$$Limit                     0x000091ac   Number         0  anon$$obj.o(Region$$Table)
    current_command                          0x10000004   Data           4  main.o(.data)
    ready                                    0x10000008   Data           1  main.o(.data)
    ready_ok                                 0x10000009   Data           1  main.o(.data)
    LCD_pressed                              0x1000000a   Data           1  main.o(.data)
    pressed_X                                0x1000000c   Data           4  main.o(.data)
    pressed_Y                                0x10000010   Data           4  main.o(.data)
    message_x                                0x10000014   Data           4  main.o(.data)
    message_y                                0x10000018   Data           4  main.o(.data)
    message2_x                               0x1000001c   Data           4  main.o(.data)
    message2_y                               0x10000020   Data           4  main.o(.data)
    button_width                             0x10000024   Data           4  main.o(.data)
    button_height                            0x10000028   Data           4  main.o(.data)
    button_x1                                0x1000002c   Data           4  main.o(.data)
    button_x2                                0x10000030   Data           4  main.o(.data)
    button_y                                 0x10000034   Data           4  main.o(.data)
    color_red                                0x10000038   Data          12  main.o(.data)
    color_cream                              0x10000044   Data          12  main.o(.data)
    color_orange                             0x10000050   Data          12  main.o(.data)
    foreground                               0x1000005c   Data           4  main.o(.data)
    background                               0x10000060   Data           4  main.o(.data)
    my_timer_handler                         0x10000064   Data           2  main.o(.data)
    my_handler                               0x10000066   Data           2  main.o(.data)
    SystemCoreClock                          0x10000068   Data           4  system_lpc177x_8x.o(.data)
    PeripheralClock                          0x1000006c   Data           4  system_lpc177x_8x.o(.data)
    EMCClock                                 0x10000070   Data           4  system_lpc177x_8x.o(.data)
    USBClock                                 0x10000074   Data           4  system_lpc177x_8x.o(.data)
    __stdout                                 0x10000078   Data           4  retarget.o(.data)
    __stdin                                  0x1000007c   Data           4  retarget.o(.data)
    uartMaps                                 0x10000084   Data         260  drv_uart.o(.data)
    touchResultData                          0x10000198   Data           4  drv_touchscreen.o(.data)
    currentTouchScreenCallback               0x1000019c   Data           4  drv_touchscreen.o(.data)
    GL_Font16x24                             0x100001a0   Data           8  gl_fonts.o(.data)
    GL_Font12x12                             0x100001a8   Data           8  gl_fonts.o(.data)
    GL_Font8x12                              0x100001b0   Data           8  gl_fonts.o(.data)
    GL_Font8x12_bold                         0x100001b8   Data           8  gl_fonts.o(.data)
    GL_Font8x8                               0x100001c0   Data           8  gl_fonts.o(.data)
    LedMap                                   0x100001c8   Data          15  drv_led.o(.data)
    wait_timer                               0x100001d8   Data           2  timer_software.o(.data)
    extracted_string                         0x100001dc   Data          30  main.o(.bss)
    cregMessage                              0x100001fa   Data         100  main.o(.bss)
    copsMessage                              0x1000025e   Data         100  main.o(.bss)
    myData                                   0x100002c4   Data       10112  parser.o(.bss)
    timers                                   0x10003ee4   Data         320  timer_software.o(.bss)
    __libspace_start                         0x10004024   Data          96  libspace.o(.bss)
    __temporary_stack_top$libspace           0x10004084   Data           0  libspace.o(.bss)
    LCD_Frame_Buffer                         0xa0000000   Data       522240  drv_lcd.o(.bss)



==============================================================================

Memory Map of the image

  Image Entry point : 0x000000e5

  Load Region LR_IROM1 (Base: 0x00000000, Size: 0x00009388, Max: 0x00080000, ABSOLUTE, COMPRESSED[0x00009258])

    Execution Region ER_IROM1 (Exec base: 0x00000000, Load base: 0x00000000, Size: 0x000091ac, Max: 0x00080000, ABSOLUTE)

    Exec Addr    Load Addr    Size         Type   Attr      Idx    E Section Name        Object

    0x00000000   0x00000000   0x000000e4   Data   RO          129    RESET               startup_lpc177x_8x.o
    0x000000e4   0x000000e4   0x00000008   Code   RO          567  * !!!main             c_w.l(__main.o)
    0x000000ec   0x000000ec   0x00000034   Code   RO          790    !!!scatter          c_w.l(__scatter.o)
    0x00000120   0x00000120   0x0000005a   Code   RO          788    !!dczerorl2         c_w.l(__dczerorl2.o)
    0x0000017a   0x0000017a   0x00000002   PAD
    0x0000017c   0x0000017c   0x0000001c   Code   RO          792    !!handler_zi        c_w.l(__scatter_zi.o)
    0x00000198   0x00000198   0x00000000   Code   RO          556    .ARM.Collect$$_printf_percent$$00000000  c_w.l(_printf_percent.o)
    0x00000198   0x00000198   0x00000006   Code   RO          555    .ARM.Collect$$_printf_percent$$00000009  c_w.l(_printf_d.o)
    0x0000019e   0x0000019e   0x00000006   Code   RO          552    .ARM.Collect$$_printf_percent$$00000013  c_w.l(_printf_c.o)
    0x000001a4   0x000001a4   0x00000006   Code   RO          553    .ARM.Collect$$_printf_percent$$00000014  c_w.l(_printf_s.o)
    0x000001aa   0x000001aa   0x00000004   Code   RO          612    .ARM.Collect$$_printf_percent$$00000017  c_w.l(_printf_percent_end.o)
    0x000001ae   0x000001ae   0x00000002   Code   RO          670    .ARM.Collect$$libinit$$00000000  c_w.l(libinit.o)
    0x000001b0   0x000001b0   0x00000000   Code   RO          683    .ARM.Collect$$libinit$$00000002  c_w.l(libinit2.o)
    0x000001b0   0x000001b0   0x00000000   Code   RO          685    .ARM.Collect$$libinit$$00000004  c_w.l(libinit2.o)
    0x000001b0   0x000001b0   0x00000000   Code   RO          688    .ARM.Collect$$libinit$$0000000A  c_w.l(libinit2.o)
    0x000001b0   0x000001b0   0x00000000   Code   RO          690    .ARM.Collect$$libinit$$0000000C  c_w.l(libinit2.o)
    0x000001b0   0x000001b0   0x00000000   Code   RO          692    .ARM.Collect$$libinit$$0000000E  c_w.l(libinit2.o)
    0x000001b0   0x000001b0   0x00000000   Code   RO          695    .ARM.Collect$$libinit$$00000011  c_w.l(libinit2.o)
    0x000001b0   0x000001b0   0x00000000   Code   RO          697    .ARM.Collect$$libinit$$00000013  c_w.l(libinit2.o)
    0x000001b0   0x000001b0   0x00000000   Code   RO          699    .ARM.Collect$$libinit$$00000015  c_w.l(libinit2.o)
    0x000001b0   0x000001b0   0x00000000   Code   RO          701    .ARM.Collect$$libinit$$00000017  c_w.l(libinit2.o)
    0x000001b0   0x000001b0   0x00000000   Code   RO          703    .ARM.Collect$$libinit$$00000019  c_w.l(libinit2.o)
    0x000001b0   0x000001b0   0x00000000   Code   RO          705    .ARM.Collect$$libinit$$0000001B  c_w.l(libinit2.o)
    0x000001b0   0x000001b0   0x00000000   Code   RO          707    .ARM.Collect$$libinit$$0000001D  c_w.l(libinit2.o)
    0x000001b0   0x000001b0   0x00000000   Code   RO          709    .ARM.Collect$$libinit$$0000001F  c_w.l(libinit2.o)
    0x000001b0   0x000001b0   0x00000000   Code   RO          711    .ARM.Collect$$libinit$$00000021  c_w.l(libinit2.o)
    0x000001b0   0x000001b0   0x00000000   Code   RO          713    .ARM.Collect$$libinit$$00000023  c_w.l(libinit2.o)
    0x000001b0   0x000001b0   0x00000000   Code   RO          715    .ARM.Collect$$libinit$$00000025  c_w.l(libinit2.o)
    0x000001b0   0x000001b0   0x00000000   Code   RO          719    .ARM.Collect$$libinit$$0000002C  c_w.l(libinit2.o)
    0x000001b0   0x000001b0   0x00000000   Code   RO          721    .ARM.Collect$$libinit$$0000002E  c_w.l(libinit2.o)
    0x000001b0   0x000001b0   0x00000000   Code   RO          723    .ARM.Collect$$libinit$$00000030  c_w.l(libinit2.o)
    0x000001b0   0x000001b0   0x00000000   Code   RO          725    .ARM.Collect$$libinit$$00000032  c_w.l(libinit2.o)
    0x000001b0   0x000001b0   0x00000002   Code   RO          726    .ARM.Collect$$libinit$$00000033  c_w.l(libinit2.o)
    0x000001b2   0x000001b2   0x00000002   Code   RO          760    .ARM.Collect$$libshutdown$$00000000  c_w.l(libshutdown.o)
    0x000001b4   0x000001b4   0x00000000   Code   RO          770    .ARM.Collect$$libshutdown$$00000002  c_w.l(libshutdown2.o)
    0x000001b4   0x000001b4   0x00000000   Code   RO          772    .ARM.Collect$$libshutdown$$00000004  c_w.l(libshutdown2.o)
    0x000001b4   0x000001b4   0x00000000   Code   RO          775    .ARM.Collect$$libshutdown$$00000007  c_w.l(libshutdown2.o)
    0x000001b4   0x000001b4   0x00000000   Code   RO          778    .ARM.Collect$$libshutdown$$0000000A  c_w.l(libshutdown2.o)
    0x000001b4   0x000001b4   0x00000000   Code   RO          780    .ARM.Collect$$libshutdown$$0000000C  c_w.l(libshutdown2.o)
    0x000001b4   0x000001b4   0x00000000   Code   RO          783    .ARM.Collect$$libshutdown$$0000000F  c_w.l(libshutdown2.o)
    0x000001b4   0x000001b4   0x00000002   Code   RO          784    .ARM.Collect$$libshutdown$$00000010  c_w.l(libshutdown2.o)
    0x000001b6   0x000001b6   0x00000000   Code   RO          597    .ARM.Collect$$rtentry$$00000000  c_w.l(__rtentry.o)
    0x000001b6   0x000001b6   0x00000000   Code   RO          629    .ARM.Collect$$rtentry$$00000002  c_w.l(__rtentry2.o)
    0x000001b6   0x000001b6   0x00000006   Code   RO          641    .ARM.Collect$$rtentry$$00000004  c_w.l(__rtentry4.o)
    0x000001bc   0x000001bc   0x00000000   Code   RO          631    .ARM.Collect$$rtentry$$00000009  c_w.l(__rtentry2.o)
    0x000001bc   0x000001bc   0x00000004   Code   RO          632    .ARM.Collect$$rtentry$$0000000A  c_w.l(__rtentry2.o)
    0x000001c0   0x000001c0   0x00000000   Code   RO          634    .ARM.Collect$$rtentry$$0000000C  c_w.l(__rtentry2.o)
    0x000001c0   0x000001c0   0x00000008   Code   RO          635    .ARM.Collect$$rtentry$$0000000D  c_w.l(__rtentry2.o)
    0x000001c8   0x000001c8   0x00000002   Code   RO          674    .ARM.Collect$$rtexit$$00000000  c_w.l(rtexit.o)
    0x000001ca   0x000001ca   0x00000000   Code   RO          728    .ARM.Collect$$rtexit$$00000002  c_w.l(rtexit2.o)
    0x000001ca   0x000001ca   0x00000004   Code   RO          729    .ARM.Collect$$rtexit$$00000003  c_w.l(rtexit2.o)
    0x000001ce   0x000001ce   0x00000006   Code   RO          730    .ARM.Collect$$rtexit$$00000004  c_w.l(rtexit2.o)
    0x000001d4   0x000001d4   0x00000040   Code   RO          131    .text               startup_lpc177x_8x.o
    0x00000214   0x00000214   0x00000058   Code   RO          137    .text               retarget.o
    0x0000026c   0x0000026c   0x00000060   Code   RO          468    .text               timer_software_init.o
    0x000002cc   0x000002cc   0x00000002   Code   RO          491    .text               c_w.l(use_no_semi.o)
    0x000002ce   0x000002ce   0x00000002   PAD
    0x000002d0   0x000002d0   0x00000018   Code   RO          499    .text               c_w.l(noretval__2printf.o)
    0x000002e8   0x000002e8   0x00000006   Code   RO          565    .text               c_w.l(heapauxi.o)
    0x000002ee   0x000002ee   0x0000000a   Code   RO          606    .text               c_w.l(_sputc.o)
    0x000002f8   0x000002f8   0x00000000   Code   RO          627    x$fpl$usenofp       fz_ws.l(usenofp.o)
    0x000002f8   0x000002f8   0x00000004   PAD
    0x000002fc   0x000002fc   0x00000004   Code   RO          130    .ARM.__at_0x02FC    startup_lpc177x_8x.o
    0x00000300   0x00000300   0x00000a8c   Code   RO            3    .text               main.o
    0x00000d8c   0x00000d8c   0x00000410   Code   RO           97    .text               system_lpc177x_8x.o
    0x0000119c   0x0000119c   0x00000574   Code   RO          177    .text               parser.o
    0x00001710   0x00001710   0x00000290   Code   RO          205    .text               drv_sdram.o
    0x000019a0   0x000019a0   0x00000604   Code   RO          228    .text               drv_lcd.o
    0x00001fa4   0x00001fa4   0x000012a0   Code   RO          261    .text               drv_uart.o
    0x00003244   0x00003244   0x00000140   Code   RO          288    .text               drv_general.o
    0x00003384   0x00003384   0x0000063c   Code   RO          308    .text               drv_touchscreen.o
    0x000039c0   0x000039c0   0x000000dc   Code   RO          351    .text               drv_led.o
    0x00003a9c   0x00003a9c   0x0000019a   Code   RO          435    .text               ringbuf.o
    0x00003c36   0x00003c36   0x00000002   PAD
    0x00003c38   0x00003c38   0x000007b0   Code   RO          447    .text               timer_software.o
    0x000043e8   0x000043e8   0x000000ee   Code   RO          493    .text               c_w.l(lludivv7m.o)
    0x000044d6   0x000044d6   0x00000002   PAD
    0x000044d8   0x000044d8   0x00000028   Code   RO          501    .text               c_w.l(noretval__2sprintf.o)
    0x00004500   0x00004500   0x00000052   Code   RO          507    .text               c_w.l(_printf_str.o)
    0x00004552   0x00004552   0x00000002   PAD
    0x00004554   0x00004554   0x00000078   Code   RO          509    .text               c_w.l(_printf_dec.o)
    0x000045cc   0x000045cc   0x00000138   Code   RO          544    .text               c_w.l(__printf_flags_wp.o)
    0x00004704   0x00004704   0x00000080   Code   RO          557    .text               c_w.l(assert.o)
    0x00004784   0x00004784   0x00000048   Code   RO          559    .text               c_w.l(strcpy.o)
    0x000047cc   0x000047cc   0x0000003e   Code   RO          561    .text               c_w.l(strlen.o)
    0x0000480a   0x0000480a   0x00000064   Code   RO          563    .text               c_w.l(rt_memcpy_w.o)
    0x0000486e   0x0000486e   0x000000b2   Code   RO          602    .text               c_w.l(_printf_intcommon.o)
    0x00004920   0x00004920   0x00000030   Code   RO          604    .text               c_w.l(_printf_char_common.o)
    0x00004950   0x00004950   0x0000002c   Code   RO          608    .text               c_w.l(_printf_char.o)
    0x0000497c   0x0000497c   0x00000024   Code   RO          610    .text               c_w.l(_printf_char_file.o)
    0x000049a0   0x000049a0   0x00000016   Code   RO          613    .text               c_w.l(abort.o)
    0x000049b6   0x000049b6   0x00000014   Code   RO          615    .text               c_w.l(assert_puts.o)
    0x000049ca   0x000049ca   0x0000000e   Code   RO          647    .text               c_w.l(defsig_abrt_outer.o)
    0x000049d8   0x000049d8   0x0000004a   Code   RO          651    .text               c_w.l(sys_stackheap_outer.o)
    0x00004a22   0x00004a22   0x00000012   Code   RO          655    .text               c_w.l(exit.o)
    0x00004a34   0x00004a34   0x0000000a   Code   RO          657    .text               c_w.l(defsig_exit.o)
    0x00004a3e   0x00004a3e   0x00000002   PAD
    0x00004a40   0x00004a40   0x00000030   Code   RO          659    .text               c_w.l(defsig_abrt_inner.o)
    0x00004a70   0x00004a70   0x00000008   Code   RO          671    .text               c_w.l(libspace.o)
    0x00004a78   0x00004a78   0x00000032   Code   RO          678    .text               c_w.l(defsig_general.o)
    0x00004aaa   0x00004aaa   0x0000000e   Code   RO          542    i._is_digit         c_w.l(__printf_wp.o)
    0x00004ab8   0x00004ab8   0x00000062   Code   RO          569    x$fpl$d2f           fz_ws.l(d2f.o)
    0x00004b1a   0x00004b1a   0x00000002   PAD
    0x00004b1c   0x00004b1c   0x000002b0   Code   RO          572    x$fpl$ddiv          fz_ws.l(ddiv.o)
    0x00004dcc   0x00004dcc   0x00000026   Code   RO          575    x$fpl$dfltu         fz_ws.l(dflt_clz.o)
    0x00004df2   0x00004df2   0x0000009c   Code   RO          617    x$fpl$dnaninf       fz_ws.l(dnaninf.o)
    0x00004e8e   0x00004e8e   0x0000000c   Code   RO          619    x$fpl$dretinf       fz_ws.l(dretinf.o)
    0x00004e9a   0x00004e9a   0x00000018   Code   RO          621    x$fpl$fcmpinf       fz_ws.l(fcmpi.o)
    0x00004eb2   0x00004eb2   0x00000002   PAD
    0x00004eb4   0x00004eb4   0x00000184   Code   RO          582    x$fpl$fdiv          fz_ws.l(fdiv.o)
    0x00005038   0x00005038   0x0000003e   Code   RO          585    x$fpl$ffixu         fz_ws.l(ffixu.o)
    0x00005076   0x00005076   0x00000002   PAD
    0x00005078   0x00005078   0x00000026   Code   RO          589    x$fpl$ffltu         fz_ws.l(fflt_clz.o)
    0x0000509e   0x0000509e   0x00000002   PAD
    0x000050a0   0x000050a0   0x00000068   Code   RO          595    x$fpl$fleqf         fz_ws.l(fleqf.o)
    0x00005108   0x00005108   0x0000008c   Code   RO          623    x$fpl$fnaninf       fz_ws.l(fnaninf.o)
    0x00005194   0x00005194   0x0000000a   Code   RO          625    x$fpl$fretinf       fz_ws.l(fretinf.o)
    0x0000519e   0x0000519e   0x00000002   PAD
    0x000051a0   0x000051a0   0x00000072   Data   RO            5    .constdata          main.o
    0x00005212   0x00005212   0x00003ed0   Data   RO          336    .constdata          gl_fonts.o
    0x000090e2   0x000090e2   0x00000011   Data   RO          545    .constdata          c_w.l(__printf_flags_wp.o)
    0x000090f3   0x000090f3   0x00000001   PAD
    0x000090f4   0x000090f4   0x00000098   Data   RO            6    .conststring        main.o
    0x0000918c   0x0000918c   0x00000020   Data   RO          786    Region$$Table       anon$$obj.o


    Execution Region RW_IRAM1 (Exec base: 0x10000000, Load base: 0x000091ac, Size: 0x00004688, Max: 0x00010000, ABSOLUTE, COMPRESSED[0x000000ac])

    Exec Addr    Load Addr    Size         Type   Attr      Idx    E Section Name        Object

    0x10000000   COMPRESSED   0x00000068   Data   RW            7    .data               main.o
    0x10000068   COMPRESSED   0x00000010   Data   RW           98    .data               system_lpc177x_8x.o
    0x10000078   COMPRESSED   0x00000008   Data   RW          138    .data               retarget.o
    0x10000080   COMPRESSED   0x00000004   Data   RW          179    .data               parser.o
    0x10000084   COMPRESSED   0x00000104   Data   RW          263    .data               drv_uart.o
    0x10000188   COMPRESSED   0x00000018   Data   RW          309    .data               drv_touchscreen.o
    0x100001a0   COMPRESSED   0x00000028   Data   RW          337    .data               gl_fonts.o
    0x100001c8   COMPRESSED   0x0000000f   Data   RW          352    .data               drv_led.o
    0x100001d7   COMPRESSED   0x00000001   PAD
    0x100001d8   COMPRESSED   0x00000002   Data   RW          449    .data               timer_software.o
    0x100001da   COMPRESSED   0x00000002   PAD
    0x100001dc        -       0x000000e6   Zero   RW            4    .bss                main.o
    0x100002c2   COMPRESSED   0x00000002   PAD
    0x100002c4        -       0x00002780   Zero   RW          178    .bss                parser.o
    0x10002a44        -       0x000014a0   Zero   RW          262    .bss                drv_uart.o
    0x10003ee4        -       0x00000140   Zero   RW          448    .bss                timer_software.o
    0x10004024        -       0x00000060   Zero   RW          672    .bss                c_w.l(libspace.o)
    0x10004084   COMPRESSED   0x00000004   PAD
    0x10004088        -       0x00000400   Zero   RW          128    HEAP                startup_lpc177x_8x.o
    0x10004488        -       0x00000200   Zero   RW          127    STACK               startup_lpc177x_8x.o


    Execution Region RW_RAM1 (Exec base: 0xa0000000, Load base: 0x00009258, Size: 0x0007f800, Max: 0x02000000, ABSOLUTE, UNINIT)

    Exec Addr    Load Addr    Size         Type   Attr      Idx    E Section Name        Object

    0xa0000000        -       0x0007f800   Zero   RW          229    .bss                drv_lcd.o


==============================================================================

Image component sizes


      Code (inc. data)   RO Data    RW Data    ZI Data      Debug   Object Name

       320          0          0          0          0       1617   drv_general.o
      1540         56          0          0     522240       8071   drv_lcd.o
       220         16          0         15          0       2102   drv_led.o
       656         42          0          0          0       1915   drv_sdram.o
      1596        148          0         24          0       5147   drv_touchscreen.o
      4768        318          0        260       5280      11286   drv_uart.o
         0          0      16080         40          0       1433   gl_fonts.o
      2700        554        266        104        230      15554   main.o
      1396        144          0          4      10112       3002   parser.o
        88          0          0          8          0       4270   retarget.o
       410          0          0          0          0       4851   ringbuf.o
        68         30        228          0       1536        984   startup_lpc177x_8x.o
      1040         38          0         16          0       1291   system_lpc177x_8x.o
      1968         18          0          2        320       7648   timer_software.o
        96         10          0          0          0        635   timer_software_init.o

    ----------------------------------------------------------------------
     16868       1374      16606        476     539720      69806   Object Totals
         0          0         32          0          0          0   (incl. Generated)
         2          0          0          3          2          0   (incl. Padding)

    ----------------------------------------------------------------------

      Code (inc. data)   RO Data    RW Data    ZI Data      Debug   Library Member Name

        90          0          0          0          0          0   __dczerorl2.o
         8          0          0          0          0         68   __main.o
       312          4         17          0          0         92   __printf_flags_wp.o
        14          0          0          0          0         68   __printf_wp.o
         0          0          0          0          0          0   __rtentry.o
        12          0          0          0          0          0   __rtentry2.o
         6          0          0          0          0          0   __rtentry4.o
        52          8          0          0          0          0   __scatter.o
        28          0          0          0          0          0   __scatter_zi.o
         6          0          0          0          0          0   _printf_c.o
        44          0          0          0          0        108   _printf_char.o
        48          6          0          0          0         96   _printf_char_common.o
        36          4          0          0          0         80   _printf_char_file.o
         6          0          0          0          0          0   _printf_d.o
       120         16          0          0          0         92   _printf_dec.o
       178          0          0          0          0         88   _printf_intcommon.o
         0          0          0          0          0          0   _printf_percent.o
         4          0          0          0          0          0   _printf_percent_end.o
         6          0          0          0          0          0   _printf_s.o
        82          0          0          0          0         80   _printf_str.o
        10          0          0          0          0         68   _sputc.o
        22          0          0          0          0         80   abort.o
       128         42          0          0          0         76   assert.o
        20          0          0          0          0         76   assert_puts.o
        48         34          0          0          0         76   defsig_abrt_inner.o
        14          0          0          0          0         80   defsig_abrt_outer.o
        10          0          0          0          0         68   defsig_exit.o
        50          0          0          0          0         88   defsig_general.o
        18          0          0          0          0         80   exit.o
         6          0          0          0          0        152   heapauxi.o
         2          0          0          0          0          0   libinit.o
         2          0          0          0          0          0   libinit2.o
         2          0          0          0          0          0   libshutdown.o
         2          0          0          0          0          0   libshutdown2.o
         8          4          0          0         96         68   libspace.o
       238          0          0          0          0        100   lludivv7m.o
        24          4          0          0          0         84   noretval__2printf.o
        40          6          0          0          0         84   noretval__2sprintf.o
       100          0          0          0          0         80   rt_memcpy_w.o
         2          0          0          0          0          0   rtexit.o
        10          0          0          0          0          0   rtexit2.o
        72          0          0          0          0         80   strcpy.o
        62          0          0          0          0         76   strlen.o
        74          0          0          0          0         80   sys_stackheap_outer.o
         2          0          0          0          0         68   use_no_semi.o
        98          4          0          0          0         92   d2f.o
       688        140          0          0          0        208   ddiv.o
        38          0          0          0          0         68   dflt_clz.o
       156          4          0          0          0         92   dnaninf.o
        12          0          0          0          0         68   dretinf.o
        24          0          0          0          0         68   fcmpi.o
       388         76          0          0          0         96   fdiv.o
        62          4          0          0          0         84   ffixu.o
        38          0          0          0          0         68   fflt_clz.o
       104          4          0          0          0         84   fleqf.o
       140          4          0          0          0         84   fnaninf.o
        10          0          0          0          0         68   fretinf.o
         0          0          0          0          0          0   usenofp.o

    ----------------------------------------------------------------------
      3800        364         18          0        100       3416   Library Totals
        24          0          1          0          4          0   (incl. Padding)

    ----------------------------------------------------------------------

      Code (inc. data)   RO Data    RW Data    ZI Data      Debug   Library Name

      2018        128         17          0         96       2336   c_w.l
      1758        236          0          0          0       1080   fz_ws.l

    ----------------------------------------------------------------------
      3800        364         18          0        100       3416   Library Totals

    ----------------------------------------------------------------------

==============================================================================


      Code (inc. data)   RO Data    RW Data    ZI Data      Debug   

     20668       1738      16624        476     539820      70306   Grand Totals
     20668       1738      16624        172     539820      70306   ELF Image Totals (compressed)
     20668       1738      16624        172          0          0   ROM Totals

==============================================================================

    Total RO  Size (Code + RO Data)                37292 (  36.42kB)
    Total RW  Size (RW Data + ZI Data)            540296 ( 527.63kB)
    Total ROM Size (Code + RO Data + RW Data)      37464 (  36.59kB)

==============================================================================

